Component: ARM Compiler 5.06 update 6 (build 750) Tool: armlink [4d35ed]

==============================================================================

Section Cross References

    startup_stm32f103xb.o(RESET) refers to startup_stm32f103xb.o(STACK) for __initial_sp
    startup_stm32f103xb.o(RESET) refers to startup_stm32f103xb.o(.text) for Reset_Handler
    startup_stm32f103xb.o(RESET) refers to stm32f1xx_it.o(i.NMI_Handler) for NMI_Handler
    startup_stm32f103xb.o(RESET) refers to stm32f1xx_it.o(i.HardFault_Handler) for HardFault_Handler
    startup_stm32f103xb.o(RESET) refers to stm32f1xx_it.o(i.MemManage_Handler) for MemManage_Handler
    startup_stm32f103xb.o(RESET) refers to stm32f1xx_it.o(i.BusFault_Handler) for BusFault_Handler
    startup_stm32f103xb.o(RESET) refers to stm32f1xx_it.o(i.UsageFault_Handler) for UsageFault_Handler
    startup_stm32f103xb.o(RESET) refers to stm32f1xx_it.o(i.SVC_Handler) for SVC_Handler
    startup_stm32f103xb.o(RESET) refers to stm32f1xx_it.o(i.DebugMon_Handler) for DebugMon_Handler
    startup_stm32f103xb.o(RESET) refers to stm32f1xx_it.o(i.PendSV_Handler) for PendSV_Handler
    startup_stm32f103xb.o(RESET) refers to stm32f1xx_it.o(i.SysTick_Handler) for SysTick_Handler
    startup_stm32f103xb.o(RESET) refers to stm32f1xx_it.o(i.USART3_IRQHandler) for USART3_IRQHandler
    startup_stm32f103xb.o(.text) refers to system_stm32f1xx.o(i.SystemInit) for SystemInit
    startup_stm32f103xb.o(.text) refers to entry.o(.ARM.Collect$$$$00000000) for __main
    servo.o(i.blue_task) refers to dadd.o(.text) for __aeabi_dadd
    servo.o(i.blue_task) refers to d2f.o(.text) for __aeabi_d2f
    servo.o(i.blue_task) refers to servo.o(i.servo_angle_calculate) for servo_angle_calculate
    servo.o(i.blue_task) refers to servo.o(i.servo_catch) for servo_catch
    servo.o(i.blue_task) refers to servo.o(i.servo_lift) for servo_lift
    servo.o(i.blue_task) refers to servo.o(i.servo_transfer_blue) for servo_transfer_blue
    servo.o(i.blue_task) refers to servo.o(i.servo_release_blue) for servo_release_blue
    servo.o(i.blue_task) refers to servo.o(i.servo_lift_return) for servo_lift_return
    servo.o(i.blue_task) refers to servo.o(i.servo_reset) for servo_reset
    servo.o(i.blue_task) refers to printfa.o(i.__0printf) for __2printf
    servo.o(i.blue_task) refers to openmv.o(.data) for center_y_cm
    servo.o(i.blue_task) refers to main.o(.data) for target_angle_4
    servo.o(i.pwm_out) refers to servo.o(i.translate_angle_to_pulse) for translate_angle_to_pulse
    servo.o(i.pwm_out) refers to cdcmple.o(.text) for __aeabi_cdcmpeq
    servo.o(i.pwm_out) refers to dfixui.o(.text) for __aeabi_d2uiz
    servo.o(i.pwm_out) refers to main.o(.data) for pulse_1
    servo.o(i.pwm_out) refers to tim.o(.bss) for htim3
    servo.o(i.pwm_start) refers to stm32f1xx_hal_tim.o(i.HAL_TIM_PWM_Start) for HAL_TIM_PWM_Start
    servo.o(i.pwm_start) refers to tim.o(.bss) for htim3
    servo.o(i.servo_angle_calculate) refers to cfrcmple.o(.text) for __aeabi_cfrcmple
    servo.o(i.servo_angle_calculate) refers to cfcmple.o(.text) for __aeabi_cfcmple
    servo.o(i.servo_angle_calculate) refers to fadd.o(.text) for __aeabi_fadd
    servo.o(i.servo_angle_calculate) refers to fdiv.o(.text) for __aeabi_fdiv
    servo.o(i.servo_angle_calculate) refers to f2d.o(.text) for __aeabi_f2d
    servo.o(i.servo_angle_calculate) refers to atan.o(i.atan) for atan
    servo.o(i.servo_angle_calculate) refers to dmul.o(.text) for __aeabi_dmul
    servo.o(i.servo_angle_calculate) refers to dadd.o(.text) for __aeabi_drsub
    servo.o(i.servo_angle_calculate) refers to d2f.o(.text) for __aeabi_d2f
    servo.o(i.servo_angle_calculate) refers to dflti.o(.text) for __aeabi_i2d
    servo.o(i.servo_angle_calculate) refers to ddiv.o(.text) for __aeabi_ddiv
    servo.o(i.servo_angle_calculate) refers to fmul.o(.text) for __aeabi_fmul
    servo.o(i.servo_angle_calculate) refers to sqrt.o(i.sqrt) for sqrt
    servo.o(i.servo_angle_calculate) refers to sin.o(i.sin) for sin
    servo.o(i.servo_angle_calculate) refers to cos.o(i.cos) for cos
    servo.o(i.servo_angle_calculate) refers to main.o(.data) for target_angle_1
    servo.o(i.servo_angle_calculate) refers to printfa.o(i.__0printf) for __2printf
    servo.o(i.servo_angle_calculate) refers to servo.o(.conststring) for .conststring
    servo.o(i.servo_catch) refers to servo.o(i.servo_control) for servo_control
    servo.o(i.servo_catch) refers to stm32f1xx_hal.o(i.HAL_Delay) for HAL_Delay
    servo.o(i.servo_catch) refers to servo.o(i.pwm_out) for pwm_out
    servo.o(i.servo_catch) refers to main.o(.data) for target_angle_1
    servo.o(i.servo_control) refers to dadd.o(.text) for __aeabi_dsub
    servo.o(i.servo_control) refers to cdcmple.o(.text) for __aeabi_cdcmpeq
    servo.o(i.servo_control) refers to cdrcmple.o(.text) for __aeabi_cdrcmple
    servo.o(i.servo_control) refers to servo.o(i.pwm_out) for pwm_out
[...]
    Removing stm32f1xx_hal_uart.o(i.HAL_UART_MspInit), (2 bytes).
    Removing stm32f1xx_hal_uart.o(i.HAL_UART_Receive), (220 bytes).
    Removing stm32f1xx_hal_uart.o(i.HAL_UART_Receive_DMA), (66 bytes).
    Removing stm32f1xx_hal_uart.o(i.HAL_UART_RxCpltCallback), (2 bytes).
    Removing stm32f1xx_hal_uart.o(i.HAL_UART_RxHalfCpltCallback), (2 bytes).
    Removing stm32f1xx_hal_uart.o(i.HAL_UART_Transmit_DMA), (156 bytes).
    Removing stm32f1xx_hal_uart.o(i.HAL_UART_Transmit_IT), (88 bytes).
    Removing stm32f1xx_hal_uart.o(i.HAL_UART_TxHalfCpltCallback), (2 bytes).
    Removing stm32f1xx_hal_uart.o(i.UART_DMAError), (80 bytes).
    Removing stm32f1xx_hal_uart.o(i.UART_DMAReceiveCplt), (104 bytes).
    Removing stm32f1xx_hal_uart.o(i.UART_DMARxAbortCallback), (56 bytes).
    Removing stm32f1xx_hal_uart.o(i.UART_DMARxHalfCplt), (32 bytes).
    Removing stm32f1xx_hal_uart.o(i.UART_DMARxOnlyAbortCallback), (28 bytes).
    Removing stm32f1xx_hal_uart.o(i.UART_DMATransmitCplt), (54 bytes).
    Removing stm32f1xx_hal_uart.o(i.UART_DMATxAbortCallback), (56 bytes).
    Removing stm32f1xx_hal_uart.o(i.UART_DMATxHalfCplt), (14 bytes).
    Removing stm32f1xx_hal_uart.o(i.UART_DMATxOnlyAbortCallback), (24 bytes).
    Removing stm32f1xx_hal_uart.o(i.UART_EndTxTransfer), (20 bytes).
    Removing stm32f1xx_hal_uart.o(i.UART_Start_Receive_DMA), (152 bytes).
    Removing system_stm32f1xx.o(.rev16_text), (4 bytes).
    Removing system_stm32f1xx.o(.revsh_text), (4 bytes).
    Removing system_stm32f1xx.o(.rrx_text), (6 bytes).
    Removing system_stm32f1xx.o(i.SystemCoreClockUpdate), (164 bytes).

391 unused section(s) (total 32808 bytes) removed from the image.

==============================================================================

Image Symbol Table

    Local Symbols

    Symbol Name                              Value     Ov Type        Size  Object(Section)

    ../Core/Src/gpio.c                       0x00000000   Number         0  gpio.o ABSOLUTE
    ../Core/Src/main.c                       0x00000000   Number         0  main.o ABSOLUTE
    ../Core/Src/stm32f1xx_hal_msp.c          0x00000000   Number         0  stm32f1xx_hal_msp.o ABSOLUTE
    ../Core/Src/stm32f1xx_it.c               0x00000000   Number         0  stm32f1xx_it.o ABSOLUTE
    ../Core/Src/system_stm32f1xx.c           0x00000000   Number         0  system_stm32f1xx.o ABSOLUTE
    ../Core/Src/tim.c                        0x00000000   Number         0  tim.o ABSOLUTE
    ../Core/Src/usart.c                      0x00000000   Number         0  usart.o ABSOLUTE
    ../Drivers/STM32F1xx_HAL_Driver/Src/stm32f1xx_hal.c 0x00000000   Number         0  stm32f1xx_hal.o ABSOLUTE
    ../Drivers/STM32F1xx_HAL_Driver/Src/stm32f1xx_hal_cortex.c 0x00000000   Number         0  stm32f1xx_hal_cortex.o ABSOLUTE
    ../Drivers/STM32F1xx_HAL_Driver/Src/stm32f1xx_hal_dma.c 0x00000000   Number         0  stm32f1xx_hal_dma.o ABSOLUTE
    ../Drivers/STM32F1xx_HAL_Driver/Src/stm32f1xx_hal_exti.c 0x00000000   Number         0  stm32f1xx_hal_exti.o ABSOLUTE
    ../Drivers/STM32F1xx_HAL_Driver/Src/stm32f1xx_hal_flash.c 0x00000000   Number         0  stm32f1xx_hal_flash.o ABSOLUTE
    ../Drivers/STM32F1xx_HAL_Driver/Src/stm32f1xx_hal_flash_ex.c 0x00000000   Number         0  stm32f1xx_hal_flash_ex.o ABSOLUTE
    ../Drivers/STM32F1xx_HAL_Driver/Src/stm32f1xx_hal_gpio.c 0x00000000   Number         0  stm32f1xx_hal_gpio.o ABSOLUTE
    ../Drivers/STM32F1xx_HAL_Driver/Src/stm32f1xx_hal_gpio_ex.c 0x00000000   Number         0  stm32f1xx_hal_gpio_ex.o ABSOLUTE
    ../Drivers/STM32F1xx_HAL_Driver/Src/stm32f1xx_hal_pwr.c 0x00000000   Number         0  stm32f1xx_hal_pwr.o ABSOLUTE
    ../Drivers/STM32F1xx_HAL_Driver/Src/stm32f1xx_hal_rcc.c 0x00000000   Number         0  stm32f1xx_hal_rcc.o ABSOLUTE
    ../Drivers/STM32F1xx_HAL_Driver/Src/stm32f1xx_hal_rcc_ex.c 0x00000000   Number         0  stm32f1xx_hal_rcc_ex.o ABSOLUTE
    ../Drivers/STM32F1xx_HAL_Driver/Src/stm32f1xx_hal_tim.c 0x00000000   Number         0  stm32f1xx_hal_tim.o ABSOLUTE
    ../Drivers/STM32F1xx_HAL_Driver/Src/stm32f1xx_hal_tim_ex.c 0x00000000   Number         0  stm32f1xx_hal_tim_ex.o ABSOLUTE
    ../Drivers/STM32F1xx_HAL_Driver/Src/stm32f1xx_hal_uart.c 0x00000000   Number         0  stm32f1xx_hal_uart.o ABSOLUTE
    ../clib/../cmprslib/zerorunl.c           0x00000000   Number         0  __dczerorl.o ABSOLUTE
    ../clib/microlib/division.c              0x00000000   Number         0  uidiv.o ABSOLUTE
    ../clib/microlib/division.c              0x00000000   Number         0  uldiv.o ABSOLUTE
    ../clib/microlib/errno.c                 0x00000000   Number         0  errno.o ABSOLUTE
    ../clib/microlib/init/entry.s            0x00000000   Number         0  entry10a.o ABSOLUTE
    ../clib/microlib/init/entry.s            0x00000000   Number         0  entry2.o ABSOLUTE
    ../clib/microlib/init/entry.s            0x00000000   Number         0  entry8a.o ABSOLUTE
    ../clib/microlib/init/entry.s            0x00000000   Number         0  entry5.o ABSOLUTE
    ../clib/microlib/init/entry.s            0x00000000   Number         0  entry11a.o ABSOLUTE
    ../clib/microlib/init/entry.s            0x00000000   Number         0  entry7a.o ABSOLUTE
    ../clib/microlib/init/entry.s            0x00000000   Number         0  entry7b.o ABSOLUTE
    ../clib/microlib/init/entry.s            0x00000000   Number         0  entry.o ABSOLUTE
    ../clib/microlib/init/entry.s            0x00000000   Number         0  entry9a.o ABSOLUTE
    ../clib/microlib/init/entry.s            0x00000000   Number         0  entry9b.o ABSOLUTE
    ../clib/microlib/init/entry.s            0x00000000   Number         0  entry10b.o ABSOLUTE
    ../clib/microlib/init/entry.s            0x00000000   Number         0  entry11b.o ABSOLUTE
    ../clib/microlib/init/entry.s            0x00000000   Number         0  entry8b.o ABSOLUTE
    ../clib/microlib/longlong.c              0x00000000   Number         0  llushr.o ABSOLUTE
    ../clib/microlib/longlong.c              0x00000000   Number         0  llshl.o ABSOLUTE
    ../clib/microlib/longlong.c              0x00000000   Number         0  llsshr.o ABSOLUTE
    ../clib/microlib/printf/printf.c         0x00000000   Number         0  printf6.o ABSOLUTE
    ../clib/microlib/printf/printf.c         0x00000000   Number         0  printf3.o ABSOLUTE
    ../clib/microlib/printf/printf.c         0x00000000   Number         0  printf2.o ABSOLUTE
    ../clib/microlib/printf/printf.c         0x00000000   Number         0  printf1.o ABSOLUTE
    ../clib/microlib/printf/printf.c         0x00000000   Number         0  printf0.o ABSOLUTE
    ../clib/microlib/printf/printf.c         0x00000000   Number         0  printfb.o ABSOLUTE
    ../clib/microlib/printf/printf.c         0x00000000   Number         0  printf5.o ABSOLUTE
    ../clib/microlib/printf/printf.c         0x00000000   Number         0  printf8.o ABSOLUTE
    ../clib/microlib/printf/printf.c         0x00000000   Number         0  printfa.o ABSOLUTE
    ../clib/microlib/printf/printf.c         0x00000000   Number         0  printf7.o ABSOLUTE
    ../clib/microlib/printf/printf.c         0x00000000   Number         0  printf4.o ABSOLUTE
    ../clib/microlib/printf/stubs.s          0x00000000   Number         0  stubs.o ABSOLUTE
    ../clib/microlib/stdio/streams.c         0x00000000   Number         0  stdout.o ABSOLUTE
    ../clib/microlib/string/memset.c         0x00000000   Number         0  memseta.o ABSOLUTE
    ../clib/microlib/stubs.s                 0x00000000   Number         0  iusefp.o ABSOLUTE
    ../fplib/microlib/d2f.c                  0x00000000   Number         0  d2f.o ABSOLUTE
    ../fplib/microlib/f2d.c                  0x00000000   Number         0  f2d.o ABSOLUTE
    ../fplib/microlib/fpadd.c                0x00000000   Number         0  dadd.o ABSOLUTE
    ../fplib/microlib/fpadd.c                0x00000000   Number         0  fadd.o ABSOLUTE
    ../fplib/microlib/fpdiv.c                0x00000000   Number         0  ddiv.o ABSOLUTE
    ../fplib/microlib/fpdiv.c                0x00000000   Number         0  fdiv.o ABSOLUTE
    ../fplib/microlib/fpepilogue.c           0x00000000   Number         0  fepilogue.o ABSOLUTE
    ../fplib/microlib/fpepilogue.c           0x00000000   Number         0  depilogue.o ABSOLUTE
    ../fplib/microlib/fpfix.c                0x00000000   Number         0  dfixui.o ABSOLUTE
    ../fplib/microlib/fpfix.c                0x00000000   Number         0  dfixul.o ABSOLUTE
    ../fplib/microlib/fpfix.c                0x00000000   Number         0  dfixi.o ABSOLUTE
    ../fplib/microlib/fpflt.c                0x00000000   Number         0  dfltui.o ABSOLUTE
    ../fplib/microlib/fpflt.c                0x00000000   Number         0  dflti.o ABSOLUTE
    ../fplib/microlib/fpmul.c                0x00000000   Number         0  dmul.o ABSOLUTE
    ../fplib/microlib/fpmul.c                0x00000000   Number         0  fmul.o ABSOLUTE
    ../fplib/microlib/fpscalb.c              0x00000000   Number         0  dscalb.o ABSOLUTE
    ../fplib/microlib/fpsqrt.c               0x00000000   Number         0  dsqrt.o ABSOLUTE
    ../mathlib/atan.c                        0x00000000   Number         0  atan.o ABSOLUTE
    ../mathlib/atan.c                        0x00000000   Number         0  atan_x.o ABSOLUTE
    ../mathlib/cos.c                         0x00000000   Number         0  cos_x.o ABSOLUTE
    ../mathlib/cos.c                         0x00000000   Number         0  cos.o ABSOLUTE
    ../mathlib/cos_i.c                       0x00000000   Number         0  cos_i.o ABSOLUTE
    ../mathlib/dunder.c                      0x00000000   Number         0  dunder.o ABSOLUTE
    ../mathlib/fpclassify.c                  0x00000000   Number         0  fpclassify.o ABSOLUTE
    ../mathlib/poly.c                        0x00000000   Number         0  poly.o ABSOLUTE
    ../mathlib/rred.c                        0x00000000   Number         0  rred.o ABSOLUTE
    ../mathlib/sin.c                         0x00000000   Number         0  sin_x.o ABSOLUTE
    ../mathlib/sin.c                         0x00000000   Number         0  sin.o ABSOLUTE
    ../mathlib/sin_i.c                       0x00000000   Number         0  sin_i.o ABSOLUTE
    ../mathlib/sin_i.c                       0x00000000   Number         0  sin_i_x.o ABSOLUTE
    ../mathlib/sqrt.c                        0x00000000   Number         0  sqrt.o ABSOLUTE
    ../mathlib/sqrt.c                        0x00000000   Number         0  sqrt_x.o ABSOLUTE
    ..\Core\Src\gpio.c                       0x00000000   Number         0  gpio.o ABSOLUTE
    ..\Core\Src\main.c                       0x00000000   Number         0  main.o ABSOLUTE
    ..\Core\Src\openmv.c                     0x00000000   Number         0  openmv.o ABSOLUTE
    ..\Core\Src\servo.c                      0x00000000   Number         0  servo.o ABSOLUTE
    ..\Core\Src\stm32f1xx_hal_msp.c          0x00000000   Number         0  stm32f1xx_hal_msp.o ABSOLUTE
    ..\Core\Src\stm32f1xx_it.c               0x00000000   Number         0  stm32f1xx_it.o ABSOLUTE
    ..\Core\Src\system_stm32f1xx.c           0x00000000   Number         0  system_stm32f1xx.o ABSOLUTE
    ..\Core\Src\tim.c                        0x00000000   Number         0  tim.o ABSOLUTE
    ..\Core\Src\usart.c                      0x00000000   Number         0  usart.o ABSOLUTE
    ..\Drivers\STM32F1xx_HAL_Driver\Src\stm32f1xx_hal.c 0x00000000   Number         0  stm32f1xx_hal.o ABSOLUTE
    ..\Drivers\STM32F1xx_HAL_Driver\Src\stm32f1xx_hal_cortex.c 0x00000000   Number         0  stm32f1xx_hal_cortex.o ABSOLUTE
    ..\Drivers\STM32F1xx_HAL_Driver\Src\stm32f1xx_hal_dma.c 0x00000000   Number         0  stm32f1xx_hal_dma.o ABSOLUTE
    ..\Drivers\STM32F1xx_HAL_Driver\Src\stm32f1xx_hal_exti.c 0x00000000   Number         0  stm32f1xx_hal_exti.o ABSOLUTE
    ..\Drivers\STM32F1xx_HAL_Driver\Src\stm32f1xx_hal_flash.c 0x00000000   Number         0  stm32f1xx_hal_flash.o ABSOLUTE
    ..\Drivers\STM32F1xx_HAL_Driver\Src\stm32f1xx_hal_flash_ex.c 0x00000000   Number         0  stm32f1xx_hal_flash_ex.o ABSOLUTE
    ..\Drivers\STM32F1xx_HAL_Driver\Src\stm32f1xx_hal_gpio.c 0x00000000   Number         0  stm32f1xx_hal_gpio.o ABSOLUTE
    ..\Drivers\STM32F1xx_HAL_Driver\Src\stm32f1xx_hal_gpio_ex.c 0x00000000   Number         0  stm32f1xx_hal_gpio_ex.o ABSOLUTE
    ..\Drivers\STM32F1xx_HAL_Driver\Src\stm32f1xx_hal_pwr.c 0x00000000   Number         0  stm32f1xx_hal_pwr.o ABSOLUTE
    ..\Drivers\STM32F1xx_HAL_Driver\Src\stm32f1xx_hal_rcc.c 0x00000000   Number         0  stm32f1xx_hal_rcc.o ABSOLUTE
    ..\Drivers\STM32F1xx_HAL_Driver\Src\stm32f1xx_hal_rcc_ex.c 0x00000000   Number         0  stm32f1xx_hal_rcc_ex.o ABSOLUTE
    ..\Drivers\STM32F1xx_HAL_Driver\Src\stm32f1xx_hal_tim.c 0x00000000   Number         0  stm32f1xx_hal_tim.o ABSOLUTE
    ..\Drivers\STM32F1xx_HAL_Driver\Src\stm32f1xx_hal_tim_ex.c 0x00000000   Number         0  stm32f1xx_hal_tim_ex.o ABSOLUTE
    ..\Drivers\STM32F1xx_HAL_Driver\Src\stm32f1xx_hal_uart.c 0x00000000   Number         0  stm32f1xx_hal_uart.o ABSOLUTE
    ..\\Core\\Src\\openmv.c                  0x00000000   Number         0  openmv.o ABSOLUTE
    ..\\Core\\Src\\servo.c                   0x00000000   Number         0  servo.o ABSOLUTE
    cdcmple.s                                0x00000000   Number         0  cdcmple.o ABSOLUTE
    cdrcmple.s                               0x00000000   Number         0  cdrcmple.o ABSOLUTE
    cfcmple.s                                0x00000000   Number         0  cfcmple.o ABSOLUTE
    cfrcmple.s                               0x00000000   Number         0  cfrcmple.o ABSOLUTE
    dc.s                                     0x00000000   Number         0  dc.o ABSOLUTE
    handlers.s                               0x00000000   Number         0  handlers.o ABSOLUTE
    init.s                                   0x00000000   Number         0  init.o ABSOLUTE
    startup_stm32f103xb.s                    0x00000000   Number         0  startup_stm32f103xb.o ABSOLUTE
    RESET                                    0x08000000   Section      236  startup_stm32f103xb.o(RESET)
    .ARM.Collect$$$$00000000                 0x080000ec   Section        0  entry.o(.ARM.Collect$$$$00000000)
    .ARM.Collect$$$$00000001                 0x080000ec   Section        4  entry2.o(.ARM.Collect$$$$00000001)
    .ARM.Collect$$$$00000004                 0x080000f0   Section        4  entry5.o(.ARM.Collect$$$$00000004)
    .ARM.Collect$$$$00000008                 0x080000f4   Section        0  entry7b.o(.ARM.Collect$$$$00000008)
    .ARM.Collect$$$$0000000A                 0x080000f4   Section        0  entry8b.o(.ARM.Collect$$$$0000000A)
    .ARM.Collect$$$$0000000B                 0x080000f4   Section        8  entry9a.o(.ARM.Collect$$$$0000000B)
    .ARM.Collect$$$$0000000D                 0x080000fc   Section        0  entry10a.o(.ARM.Collect$$$$0000000D)
    .ARM.Collect$$$$0000000F                 0x080000fc   Section        0  entry11a.o(.ARM.Collect$$$$0000000F)
    .ARM.Collect$$$$00002712                 0x080000fc   Section        4  entry2.o(.ARM.Collect$$$$00002712)
    __lit__00000000                          0x080000fc   Data           4  entry2.o(.ARM.Collect$$$$00002712)
    .text                                    0x08000100   Section       36  startup_stm32f103xb.o(.text)
    .text                                    0x08000124   Section        0  llushr.o(.text)
    .text                                    0x08000144   Section        0  memseta.o(.text)
    .text                                    0x08000168   Section        0  fadd.o(.text)
    .text                                    0x08000218   Section        0  fmul.o(.text)
    .text                                    0x0800027c   Section        0  fdiv.o(.text)
    .text                                    0x080002f8   Section        0  dadd.o(.text)
    .text                                    0x08000446   Section        0  dmul.o(.text)
    .text                                    0x0800052a   Section        0  ddiv.o(.text)
    .text                                    0x08000608   Section        0  dflti.o(.text)
    .text                                    0x0800062a   Section        0  dfixui.o(.text)
    .text                                    0x0800065c   Section        0  f2d.o(.text)
    .text                                    0x08000684   Section       48  cdcmple.o(.text)
    .text                                    0x080006b4   Section       48  cdrcmple.o(.text)
    .text                                    0x080006e4   Section        0  d2f.o(.text)
    .text                                    0x0800071c   Section       20  cfcmple.o(.text)
    .text                                    0x08000730   Section       20  cfrcmple.o(.text)
    .text                                    0x08000744   Section        0  uidiv.o(.text)
    .text                                    0x08000770   Section        0  uldiv.o(.text)
    .text                                    0x080007d2   Section        0  llshl.o(.text)
    .text                                    0x080007f0   Section        0  llsshr.o(.text)
    .text                                    0x08000814   Section        0  iusefp.o(.text)
    .text                                    0x08000814   Section        0  fepilogue.o(.text)
    .text                                    0x08000882   Section        0  depilogue.o(.text)
    .text                                    0x0800093c   Section        0  dscalb.o(.text)
    .text                                    0x0800096a   Section        0  dsqrt.o(.text)
    .text                                    0x08000a0c   Section        0  dfixul.o(.text)
    .text                                    0x08000a3c   Section       36  init.o(.text)
    .text                                    0x08000a60   Section        0  dfltui.o(.text)
    .text                                    0x08000a7a   Section        0  dfixi.o(.text)
    .text                                    0x08000ab8   Section        0  __dczerorl.o(.text)
    i.BusFault_Handler                       0x08000af2   Section        0  stm32f1xx_it.o(i.BusFault_Handler)
    i.DebugMon_Handler                       0x08000af6   Section        0  stm32f1xx_it.o(i.DebugMon_Handler)
    i.Error_Handler                          0x08000af8   Section        0  main.o(i.Error_Handler)
    i.HAL_DMA_Abort                          0x08000afe   Section        0  stm32f1xx_hal_dma.o(i.HAL_DMA_Abort)
    i.HAL_DMA_Abort_IT                       0x08000b54   Section        0  stm32f1xx_hal_dma.o(i.HAL_DMA_Abort_IT)
    i.HAL_Delay                              0x08000c04   Section        0  stm32f1xx_hal.o(i.HAL_Delay)
    i.HAL_GPIO_Init                          0x08000c2c   Section        0  stm32f1xx_hal_gpio.o(i.HAL_GPIO_Init)
    i.HAL_GPIO_WritePin                      0x08000f4c   Section        0  stm32f1xx_hal_gpio.o(i.HAL_GPIO_WritePin)
    i.HAL_GetTick                            0x08000f58   Section        0  stm32f1xx_hal.o(i.HAL_GetTick)
    i.HAL_IncTick                            0x08000f64   Section        0  stm32f1xx_hal.o(i.HAL_IncTick)
    i.HAL_Init                               0x08000f7c   Section        0  stm32f1xx_hal.o(i.HAL_Init)
    i.HAL_InitTick                           0x08000fa4   Section        0  stm32f1xx_hal.o(i.HAL_InitTick)
    i.HAL_MspInit                            0x08000ff0   Section        0  stm32f1xx_hal_msp.o(i.HAL_MspInit)
    i.HAL_NVIC_EnableIRQ                     0x08001044   Section        0  stm32f1xx_hal_cortex.o(i.HAL_NVIC_EnableIRQ)
    i.HAL_NVIC_SetPriority                   0x08001064   Section        0  stm32f1xx_hal_cortex.o(i.HAL_NVIC_SetPriority)
    i.HAL_NVIC_SetPriorityGrouping           0x080010e0   Section        0  stm32f1xx_hal_cortex.o(i.HAL_NVIC_SetPriorityGrouping)
    i.HAL_RCC_ClockConfig                    0x08001108   Section        0  stm32f1xx_hal_rcc.o(i.HAL_RCC_ClockConfig)
    i.HAL_RCC_GetHCLKFreq                    0x08001294   Section        0  stm32f1xx_hal_rcc.o(i.HAL_RCC_GetHCLKFreq)
    i.HAL_RCC_GetPCLK1Freq                   0x080012a0   Section        0  stm32f1xx_hal_rcc.o(i.HAL_RCC_GetPCLK1Freq)
    i.HAL_RCC_GetPCLK2Freq                   0x080012c0   Section        0  stm32f1xx_hal_rcc.o(i.HAL_RCC_GetPCLK2Freq)
    i.HAL_RCC_GetSysClockFreq                0x080012e0   Section        0  stm32f1xx_hal_rcc.o(i.HAL_RCC_GetSysClockFreq)
    i.HAL_RCC_OscConfig                      0x08001374   Section        0  stm32f1xx_hal_rcc.o(i.HAL_RCC_OscConfig)
    i.HAL_SYSTICK_Config                     0x080017d8   Section        0  stm32f1xx_hal_cortex.o(i.HAL_SYSTICK_Config)
    i.HAL_TIMEx_MasterConfigSynchronization  0x0800180c   Section        0  stm32f1xx_hal_tim_ex.o(i.HAL_TIMEx_MasterConfigSynchronization)
    i.HAL_TIM_MspPostInit                    0x08001890   Section        0  tim.o(i.HAL_TIM_MspPostInit)
    i.HAL_TIM_PWM_ConfigChannel              0x08001950   Section        0  stm32f1xx_hal_tim.o(i.HAL_TIM_PWM_ConfigChannel)
    i.HAL_TIM_PWM_Init                       0x08001a4c   Section        0  stm32f1xx_hal_tim.o(i.HAL_TIM_PWM_Init)
    i.HAL_TIM_PWM_MspInit                    0x08001ab4   Section        0  tim.o(i.HAL_TIM_PWM_MspInit)
    i.HAL_TIM_PWM_Start                      0x08001b08   Section        0  stm32f1xx_hal_tim.o(i.HAL_TIM_PWM_Start)
    i.HAL_UARTEx_RxEventCallback             0x08001bdc   Section        0  stm32f1xx_hal_uart.o(i.HAL_UARTEx_RxEventCallback)
    i.HAL_UART_ErrorCallback                 0x08001bde   Section        0  stm32f1xx_hal_uart.o(i.HAL_UART_ErrorCallback)
    i.HAL_UART_IRQHandler                    0x08001be0   Section        0  stm32f1xx_hal_uart.o(i.HAL_UART_IRQHandler)
    i.HAL_UART_Init                          0x08001e2c   Section        0  stm32f1xx_hal_uart.o(i.HAL_UART_Init)
    i.HAL_UART_MspInit                       0x08001ea0   Section        0  usart.o(i.HAL_UART_MspInit)
    i.HAL_UART_Receive_IT                    0x08001fa8   Section        0  stm32f1xx_hal_uart.o(i.HAL_UART_Receive_IT)
    i.HAL_UART_RxCpltCallback                0x08001fec   Section        0  main.o(i.HAL_UART_RxCpltCallback)
    i.HAL_UART_Transmit                      0x0800201c   Section        0  stm32f1xx_hal_uart.o(i.HAL_UART_Transmit)
    i.HAL_UART_TxCpltCallback                0x080020ee   Section        0  stm32f1xx_hal_uart.o(i.HAL_UART_TxCpltCallback)
    i.HardFault_Handler                      0x080020f0   Section        0  stm32f1xx_it.o(i.HardFault_Handler)
    i.MX_GPIO_Init                           0x080020f4   Section        0  gpio.o(i.MX_GPIO_Init)
    i.MX_TIM2_Init                           0x08002184   Section        0  tim.o(i.MX_TIM2_Init)
    i.MX_TIM3_Init                           0x0800222c   Section        0  tim.o(i.MX_TIM3_Init)
    i.MX_USART1_UART_Init                    0x080022d8   Section        0  usart.o(i.MX_USART1_UART_Init)
    i.MX_USART3_UART_Init                    0x08002310   Section        0  usart.o(i.MX_USART3_UART_Init)
    i.MemManage_Handler                      0x08002348   Section        0  stm32f1xx_it.o(i.MemManage_Handler)
    i.NMI_Handler                            0x0800234c   Section        0  stm32f1xx_it.o(i.NMI_Handler)
    i.PendSV_Handler                         0x08002350   Section        0  stm32f1xx_it.o(i.PendSV_Handler)
    i.RCC_Delay                              0x08002354   Section        0  stm32f1xx_hal_rcc.o(i.RCC_Delay)
    RCC_Delay                                0x08002355   Thumb Code    36  stm32f1xx_hal_rcc.o(i.RCC_Delay)
    i.SVC_Handler                            0x0800237c   Section        0  stm32f1xx_it.o(i.SVC_Handler)
    i.SysTick_Handler                        0x0800237e   Section        0  stm32f1xx_it.o(i.SysTick_Handler)
    i.SystemClock_Config                     0x08002386   Section        0  main.o(i.SystemClock_Config)
    i.SystemInit                             0x080023ec   Section        0  system_stm32f1xx.o(i.SystemInit)
    i.TIM_Base_SetConfig                     0x080023f0   Section        0  stm32f1xx_hal_tim.o(i.TIM_Base_SetConfig)
    i.TIM_CCxChannelCmd                      0x08002464   Section        0  stm32f1xx_hal_tim.o(i.TIM_CCxChannelCmd)
    i.TIM_OC1_SetConfig                      0x08002488   Section        0  stm32f1xx_hal_tim.o(i.TIM_OC1_SetConfig)
    TIM_OC1_SetConfig                        0x08002489   Thumb Code    90  stm32f1xx_hal_tim.o(i.TIM_OC1_SetConfig)
    i.TIM_OC2_SetConfig                      0x080024e8   Section        0  stm32f1xx_hal_tim.o(i.TIM_OC2_SetConfig)
    i.TIM_OC3_SetConfig                      0x08002550   Section        0  stm32f1xx_hal_tim.o(i.TIM_OC3_SetConfig)
    TIM_OC3_SetConfig                        0x08002551   Thumb Code    98  stm32f1xx_hal_tim.o(i.TIM_OC3_SetConfig)
    i.TIM_OC4_SetConfig                      0x080025b8   Section        0  stm32f1xx_hal_tim.o(i.TIM_OC4_SetConfig)
    TIM_OC4_SetConfig                        0x080025b9   Thumb Code    68  stm32f1xx_hal_tim.o(i.TIM_OC4_SetConfig)
    i.UART_DMAAbortOnError                   0x08002600   Section        0  stm32f1xx_hal_uart.o(i.UART_DMAAbortOnError)
    UART_DMAAbortOnError                     0x08002601   Thumb Code    20  stm32f1xx_hal_uart.o(i.UART_DMAAbortOnError)
    i.UART_EndRxTransfer                     0x08002614   Section        0  stm32f1xx_hal_uart.o(i.UART_EndRxTransfer)
    UART_EndRxTransfer                       0x08002615   Thumb Code    54  stm32f1xx_hal_uart.o(i.UART_EndRxTransfer)
    i.UART_EndTransmit_IT                    0x0800264a   Section        0  stm32f1xx_hal_uart.o(i.UART_EndTransmit_IT)
    UART_EndTransmit_IT                      0x0800264b   Thumb Code    32  stm32f1xx_hal_uart.o(i.UART_EndTransmit_IT)
    i.UART_Receive_IT                        0x0800266a   Section        0  stm32f1xx_hal_uart.o(i.UART_Receive_IT)
    UART_Receive_IT                          0x0800266b   Thumb Code   228  stm32f1xx_hal_uart.o(i.UART_Receive_IT)
    i.UART_SetConfig                         0x08002750   Section        0  stm32f1xx_hal_uart.o(i.UART_SetConfig)
    UART_SetConfig                           0x08002751   Thumb Code   248  stm32f1xx_hal_uart.o(i.UART_SetConfig)
    i.UART_Start_Receive_IT                  0x0800284c   Section        0  stm32f1xx_hal_uart.o(i.UART_Start_Receive_IT)
    i.UART_Transmit_IT                       0x08002892   Section        0  stm32f1xx_hal_uart.o(i.UART_Transmit_IT)
    UART_Transmit_IT                         0x08002893   Thumb Code    96  stm32f1xx_hal_uart.o(i.UART_Transmit_IT)
    i.UART_WaitOnFlagUntilTimeout            0x080028f2   Section        0  stm32f1xx_hal_uart.o(i.UART_WaitOnFlagUntilTimeout)
    UART_WaitOnFlagUntilTimeout              0x080028f3   Thumb Code   108  stm32f1xx_hal_uart.o(i.UART_WaitOnFlagUntilTimeout)
    i.USART3_IRQHandler                      0x08002960   Section        0  stm32f1xx_it.o(i.USART3_IRQHandler)
    i.UsageFault_Handler                     0x08002970   Section        0  stm32f1xx_it.o(i.UsageFault_Handler)
    i.__0printf                              0x08002974   Section        0  printfa.o(i.__0printf)
    i.__ARM_fpclassify                       0x08002994   Section        0  fpclassify.o(i.__ARM_fpclassify)
    i.__NVIC_GetPriorityGrouping             0x080029bc   Section        0  stm32f1xx_hal_cortex.o(i.__NVIC_GetPriorityGrouping)
    __NVIC_GetPriorityGrouping               0x080029bd   Thumb Code    10  stm32f1xx_hal_cortex.o(i.__NVIC_GetPriorityGrouping)
    i.__NVIC_SetPriority                     0x080029cc   Section        0  stm32f1xx_hal_cortex.o(i.__NVIC_SetPriority)
    __NVIC_SetPriority                       0x080029cd   Thumb Code    32  stm32f1xx_hal_cortex.o(i.__NVIC_SetPriority)
    i.__ieee754_rem_pio2                     0x080029f4   Section        0  rred.o(i.__ieee754_rem_pio2)
    i.__kernel_cos                           0x08002d7c   Section        0  cos_i.o(i.__kernel_cos)
    i.__kernel_poly                          0x08002e78   Section        0  poly.o(i.__kernel_poly)
    i.__kernel_sin                           0x08002f24   Section        0  sin_i.o(i.__kernel_sin)
    i.__mathlib_dbl_infnan                   0x08003010   Section        0  dunder.o(i.__mathlib_dbl_infnan)
    i.__mathlib_dbl_invalid                  0x08003016   Section        0  dunder.o(i.__mathlib_dbl_invalid)
    i.__mathlib_dbl_underflow                0x08003024   Section        0  dunder.o(i.__mathlib_dbl_underflow)
    i.__scatterload_copy                     0x08003034   Section       14  handlers.o(i.__scatterload_copy)
    i.__scatterload_null                     0x08003042   Section        2  handlers.o(i.__scatterload_null)
    i.__scatterload_zeroinit                 0x08003044   Section       14  handlers.o(i.__scatterload_zeroinit)
    i.__set_errno                            0x08003054   Section        0  errno.o(i.__set_errno)
    i._fp_digits                             0x08003060   Section        0  printfa.o(i._fp_digits)
    _fp_digits                               0x08003061   Thumb Code   366  printfa.o(i._fp_digits)
    i._printf_core                           0x080031e4   Section        0  printfa.o(i._printf_core)
    _printf_core                             0x080031e5   Thumb Code  1744  printfa.o(i._printf_core)
    i._printf_post_padding                   0x080038c0   Section        0  printfa.o(i._printf_post_padding)
    _printf_post_padding                     0x080038c1   Thumb Code    36  printfa.o(i._printf_post_padding)
    i._printf_pre_padding                    0x080038e4   Section        0  printfa.o(i._printf_pre_padding)
    _printf_pre_padding                      0x080038e5   Thumb Code    46  printfa.o(i._printf_pre_padding)
    i.atan                                   0x08003914   Section        0  atan.o(i.atan)
    i.blue_task                              0x08003b34   Section        0  servo.o(i.blue_task)
    i.coordinate_transformation              0x08003c14   Section        0  openmv.o(i.coordinate_transformation)
    i.cos                                    0x08003c80   Section        0  cos.o(i.cos)
    i.fputc                                  0x08003d1c   Section        0  usart.o(i.fputc)
    i.main                                   0x08003d38   Section        0  main.o(i.main)
    i.openmv_receive_data                    0x08003e84   Section        0  openmv.o(i.openmv_receive_data)
    i.pwm_out                                0x08004004   Section        0  servo.o(i.pwm_out)
    i.pwm_start                              0x08004108   Section        0  servo.o(i.pwm_start)
    i.servo_angle_calculate                  0x08004144   Section        0  servo.o(i.servo_angle_calculate)
    i.servo_catch                            0x08004a20   Section        0  servo.o(i.servo_catch)
    i.servo_control                          0x08004bf8   Section        0  servo.o(i.servo_control)
    i.servo_lift                             0x080050f4   Section        0  servo.o(i.servo_lift)
    i.servo_lift_return                      0x08005138   Section        0  servo.o(i.servo_lift_return)
    i.servo_release_blue                     0x0800517c   Section        0  servo.o(i.servo_release_blue)
    i.servo_release_yellow                   0x080052b8   Section        0  servo.o(i.servo_release_yellow)
    i.servo_reset                            0x080053f4   Section        0  servo.o(i.servo_reset)
    i.servo_reset_begin                      0x08005628   Section        0  servo.o(i.servo_reset_begin)
    i.servo_transfer_blue                    0x080056a4   Section        0  servo.o(i.servo_transfer_blue)
    i.servo_transfer_yellow                  0x080056e8   Section        0  servo.o(i.servo_transfer_yellow)
    i.sin                                    0x0800572c   Section        0  sin.o(i.sin)
    i.sqrt                                   0x080057cc   Section        0  sqrt.o(i.sqrt)
    i.translate_angle_to_pulse               0x08005818   Section        0  servo.o(i.translate_angle_to_pulse)
    i.yellow_task                            0x080059b0   Section        0  servo.o(i.yellow_task)
    .constdata                               0x08005a90   Section       24  system_stm32f1xx.o(.constdata)
    .constdata                               0x08005aa8   Section      152  atan.o(.constdata)
    atanhi                                   0x08005aa8   Data          32  atan.o(.constdata)
    atanlo                                   0x08005ac8   Data          32  atan.o(.constdata)
    aTodd                                    0x08005ae8   Data          40  atan.o(.constdata)
    aTeven                                   0x08005b10   Data          48  atan.o(.constdata)
    .constdata                               0x08005b40   Section       48  cos_i.o(.constdata)
    C                                        0x08005b40   Data          48  cos_i.o(.constdata)
    .constdata                               0x08005b70   Section      200  rred.o(.constdata)
    pio2s                                    0x08005b70   Data          48  rred.o(.constdata)
    twooverpi                                0x08005ba0   Data         152  rred.o(.constdata)
    .constdata                               0x08005c38   Section       40  sin_i.o(.constdata)
    S                                        0x08005c38   Data          40  sin_i.o(.constdata)
    .conststring                             0x08005c60   Section      110  servo.o(.conststring)
    .data                                    0x20000000   Section       96  servo.o(.data)
    .data                                    0x20000060   Section      233  main.o(.data)
    .data                                    0x20000150   Section       26  openmv.o(.data)
    rx_counter_1                             0x20000168   Data           1  openmv.o(.data)
    rx_state                                 0x20000169   Data           1  openmv.o(.data)
    .data                                    0x2000016c   Section        9  stm32f1xx_hal.o(.data)
    .data                                    0x20000178   Section        4  system_stm32f1xx.o(.data)
    .data                                    0x2000017c   Section        4  stdout.o(.data)
    .data                                    0x20000180   Section        4  errno.o(.data)
    _errno                                   0x20000180   Data           4  errno.o(.data)
    .bss                                     0x20000184   Section      144  tim.o(.bss)
    .bss                                     0x20000214   Section      136  usart.o(.bss)
    .bss                                     0x2000029c   Section       20  openmv.o(.bss)
    rx_buffer_1                              0x2000029c   Data          20  openmv.o(.bss)
    STACK                                    0x200002b0   Section     1024  startup_stm32f103xb.o(STACK)

    Global Symbols

    Symbol Name                              Value     Ov Type        Size  Object(Section)

    BuildAttributes$$THM_ISAv4$P$D$K$B$S$PE$A:L22UL41UL21$X:L11$S22US41US21$IEEE1$IW$USESV6$~STKCKD$USESV7$~SHL$OTIME$ROPI$IEEEX$EBA8$MICROLIB$REQ8$PRES8$EABIv2 0x00000000   Number         0  anon$$obj.o ABSOLUTE
    __ARM_use_no_argv                        0x00000000   Number         0  main.o ABSOLUTE
    _printf_a                                0x00000000   Number         0  stubs.o ABSOLUTE
    _printf_c                                0x00000000   Number         0  stubs.o ABSOLUTE
    _printf_charcount                        0x00000000   Number         0  stubs.o ABSOLUTE
    _printf_d                                0x00000000   Number         0  stubs.o ABSOLUTE
    _printf_e                                0x00000000   Number         0  stubs.o ABSOLUTE
    _printf_f                                0x00000000   Number         0  stubs.o ABSOLUTE
    _printf_flags                            0x00000000   Number         0  stubs.o ABSOLUTE
    _printf_fp_dec                           0x00000000   Number         0  stubs.o ABSOLUTE
    _printf_fp_hex                           0x00000000   Number         0  stubs.o ABSOLUTE
    _printf_g                                0x00000000   Number         0  stubs.o ABSOLUTE
    _printf_i                                0x00000000   Number         0  stubs.o ABSOLUTE
    _printf_int_dec                          0x00000000   Number         0  stubs.o ABSOLUTE
    _printf_l                                0x00000000   Number         0  stubs.o ABSOLUTE
    _printf_lc                               0x00000000   Number         0  stubs.o ABSOLUTE
    _printf_ll                               0x00000000   Number         0  stubs.o ABSOLUTE
    _printf_lld                              0x00000000   Number         0  stubs.o ABSOLUTE
    _printf_lli                              0x00000000   Number         0  stubs.o ABSOLUTE
    _printf_llo                              0x00000000   Number         0  stubs.o ABSOLUTE
    _printf_llu                              0x00000000   Number         0  stubs.o ABSOLUTE
    _printf_llx                              0x00000000   Number         0  stubs.o ABSOLUTE
    _printf_longlong_dec                     0x00000000   Number         0  stubs.o ABSOLUTE
    _printf_longlong_hex                     0x00000000   Number         0  stubs.o ABSOLUTE
    _printf_longlong_oct                     0x00000000   Number         0  stubs.o ABSOLUTE
    _printf_ls                               0x00000000   Number         0  stubs.o ABSOLUTE
    _printf_mbtowc                           0x00000000   Number         0  stubs.o ABSOLUTE
    _printf_n                                0x00000000   Number         0  stubs.o ABSOLUTE
    _printf_o                                0x00000000   Number         0  stubs.o ABSOLUTE
    _printf_p                                0x00000000   Number         0  stubs.o ABSOLUTE
    _printf_percent                          0x00000000   Number         0  stubs.o ABSOLUTE
    _printf_pre_padding                      0x00000000   Number         0  stubs.o ABSOLUTE
    _printf_return_value                     0x00000000   Number         0  stubs.o ABSOLUTE
    _printf_s                                0x00000000   Number         0  stubs.o ABSOLUTE
    _printf_sizespec                         0x00000000   Number         0  stubs.o ABSOLUTE
    _printf_str                              0x00000000   Number         0  stubs.o ABSOLUTE
    _printf_truncate_signed                  0x00000000   Number         0  stubs.o ABSOLUTE
    _printf_truncate_unsigned                0x00000000   Number         0  stubs.o ABSOLUTE
    _printf_u                                0x00000000   Number         0  stubs.o ABSOLUTE
    _printf_wc                               0x00000000   Number         0  stubs.o ABSOLUTE
    _printf_wctomb                           0x00000000   Number         0  stubs.o ABSOLUTE
    _printf_widthprec                        0x00000000   Number         0  stubs.o ABSOLUTE
    _printf_x                                0x00000000   Number         0  stubs.o ABSOLUTE
    __cpp_initialize__aeabi_                  - Undefined Weak Reference
    __cxa_finalize                            - Undefined Weak Reference
    _clock_init                               - Undefined Weak Reference
    _microlib_exit                            - Undefined Weak Reference
    __Vectors_Size                           0x000000ec   Number         0  startup_stm32f103xb.o ABSOLUTE
    __Vectors                                0x08000000   Data           4  startup_stm32f103xb.o(RESET)
    __Vectors_End                            0x080000ec   Data           0  startup_stm32f103xb.o(RESET)
    __main                                   0x080000ed   Thumb Code     0  entry.o(.ARM.Collect$$$$00000000)
    _main_stk                                0x080000ed   Thumb Code     0  entry2.o(.ARM.Collect$$$$00000001)
    _main_scatterload                        0x080000f1   Thumb Code     0  entry5.o(.ARM.Collect$$$$00000004)
    __main_after_scatterload                 0x080000f5   Thumb Code     0  entry5.o(.ARM.Collect$$$$00000004)
    _main_clock                              0x080000f5   Thumb Code     0  entry7b.o(.ARM.Collect$$$$00000008)
    _main_cpp_init                           0x080000f5   Thumb Code     0  entry8b.o(.ARM.Collect$$$$0000000A)
    _main_init                               0x080000f5   Thumb Code     0  entry9a.o(.ARM.Collect$$$$0000000B)
    __rt_final_cpp                           0x080000fd   Thumb Code     0  entry10a.o(.ARM.Collect$$$$0000000D)
    __rt_final_exit                          0x080000fd   Thumb Code     0  entry11a.o(.ARM.Collect$$$$0000000F)
    Reset_Handler                            0x08000101   Thumb Code     8  startup_stm32f103xb.o(.text)
    ADC1_2_IRQHandler                        0x0800011b   Thumb Code     0  startup_stm32f103xb.o(.text)
    CAN1_RX1_IRQHandler                      0x0800011b   Thumb Code     0  startup_stm32f103xb.o(.text)
    CAN1_SCE_IRQHandler                      0x0800011b   Thumb Code     0  startup_stm32f103xb.o(.text)
    DMA1_Channel1_IRQHandler                 0x0800011b   Thumb Code     0  startup_stm32f103xb.o(.text)
    DMA1_Channel2_IRQHandler                 0x0800011b   Thumb Code     0  startup_stm32f103xb.o(.text)
    DMA1_Channel3_IRQHandler                 0x0800011b   Thumb Code     0  startup_stm32f103xb.o(.text)
    DMA1_Channel4_IRQHandler                 0x0800011b   Thumb Code     0  startup_stm32f103xb.o(.text)
    DMA1_Channel5_IRQHandler                 0x0800011b   Thumb Code     0  startup_stm32f103xb.o(.text)
    DMA1_Channel6_IRQHandler                 0x0800011b   Thumb Code     0  startup_stm32f103xb.o(.text)
    DMA1_Channel7_IRQHandler                 0x0800011b   Thumb Code     0  startup_stm32f103xb.o(.text)
    EXTI0_IRQHandler                         0x0800011b   Thumb Code     0  startup_stm32f103xb.o(.text)
    EXTI15_10_IRQHandler                     0x0800011b   Thumb Code     0  startup_stm32f103xb.o(.text)
    EXTI1_IRQHandler                         0x0800011b   Thumb Code     0  startup_stm32f103xb.o(.text)
    EXTI2_IRQHandler                         0x0800011b   Thumb Code     0  startup_stm32f103xb.o(.text)
    EXTI3_IRQHandler                         0x0800011b   Thumb Code     0  startup_stm32f103xb.o(.text)
    EXTI4_IRQHandler                         0x0800011b   Thumb Code     0  startup_stm32f103xb.o(.text)
    EXTI9_5_IRQHandler                       0x0800011b   Thumb Code     0  startup_stm32f103xb.o(.text)
    FLASH_IRQHandler                         0x0800011b   Thumb Code     0  startup_stm32f103xb.o(.text)
    I2C1_ER_IRQHandler                       0x0800011b   Thumb Code     0  startup_stm32f103xb.o(.text)
    I2C1_EV_IRQHandler                       0x0800011b   Thumb Code     0  startup_stm32f103xb.o(.text)
    I2C2_ER_IRQHandler                       0x0800011b   Thumb Code     0  startup_stm32f103xb.o(.text)
    I2C2_EV_IRQHandler                       0x0800011b   Thumb Code     0  startup_stm32f103xb.o(.text)
    PVD_IRQHandler                           0x0800011b   Thumb Code     0  startup_stm32f103xb.o(.text)
    RCC_IRQHandler                           0x0800011b   Thumb Code     0  startup_stm32f103xb.o(.text)
    RTC_Alarm_IRQHandler                     0x0800011b   Thumb Code     0  startup_stm32f103xb.o(.text)
    RTC_IRQHandler                           0x0800011b   Thumb Code     0  startup_stm32f103xb.o(.text)
    SPI1_IRQHandler                          0x0800011b   Thumb Code     0  startup_stm32f103xb.o(.text)
    SPI2_IRQHandler                          0x0800011b   Thumb Code     0  startup_stm32f103xb.o(.text)
    TAMPER_IRQHandler                        0x0800011b   Thumb Code     0  startup_stm32f103xb.o(.text)
    TIM1_BRK_IRQHandler                      0x0800011b   Thumb Code     0  startup_stm32f103xb.o(.text)
    TIM1_CC_IRQHandler                       0x0800011b   Thumb Code     0  startup_stm32f103xb.o(.text)
    TIM1_TRG_COM_IRQHandler                  0x0800011b   Thumb Code     0  startup_stm32f103xb.o(.text)
    TIM1_UP_IRQHandler                       0x0800011b   Thumb Code     0  startup_stm32f103xb.o(.text)
    TIM2_IRQHandler                          0x0800011b   Thumb Code     0  startup_stm32f103xb.o(.text)
    TIM3_IRQHandler                          0x0800011b   Thumb Code     0  startup_stm32f103xb.o(.text)
    TIM4_IRQHandler                          0x0800011b   Thumb Code     0  startup_stm32f103xb.o(.text)
    USART1_IRQHandler                        0x0800011b   Thumb Code     0  startup_stm32f103xb.o(.text)
    USART2_IRQHandler                        0x0800011b   Thumb Code     0  startup_stm32f103xb.o(.text)
    USBWakeUp_IRQHandler                     0x0800011b   Thumb Code     0  startup_stm32f103xb.o(.text)
    USB_HP_CAN1_TX_IRQHandler                0x0800011b   Thumb Code     0  startup_stm32f103xb.o(.text)
    USB_LP_CAN1_RX0_IRQHandler               0x0800011b   Thumb Code     0  startup_stm32f103xb.o(.text)
    WWDG_IRQHandler                          0x0800011b   Thumb Code     0  startup_stm32f103xb.o(.text)
    __aeabi_llsr                             0x08000125   Thumb Code    32  llushr.o(.text)
    _ll_ushift_r                             0x08000125   Thumb Code     0  llushr.o(.text)
    __aeabi_memset                           0x08000145   Thumb Code    14  memseta.o(.text)
    __aeabi_memset4                          0x08000145   Thumb Code     0  memseta.o(.text)
    __aeabi_memset8                          0x08000145   Thumb Code     0  memseta.o(.text)
    __aeabi_memclr                           0x08000153   Thumb Code     4  memseta.o(.text)
    __aeabi_memclr4                          0x08000153   Thumb Code     0  memseta.o(.text)
    __aeabi_memclr8                          0x08000153   Thumb Code     0  memseta.o(.text)
    _memset$wrapper                          0x08000157   Thumb Code    18  memseta.o(.text)
    __aeabi_fadd                             0x08000169   Thumb Code   164  fadd.o(.text)
    __aeabi_fsub                             0x0800020d   Thumb Code     6  fadd.o(.text)
    __aeabi_frsub                            0x08000213   Thumb Code     6  fadd.o(.text)
    __aeabi_fmul                             0x08000219   Thumb Code   100  fmul.o(.text)
    __aeabi_fdiv                             0x0800027d   Thumb Code   124  fdiv.o(.text)
    __aeabi_dadd                             0x080002f9   Thumb Code   322  dadd.o(.text)
    __aeabi_dsub                             0x0800043b   Thumb Code     6  dadd.o(.text)
    __aeabi_drsub                            0x08000441   Thumb Code     6  dadd.o(.text)
    __aeabi_dmul                             0x08000447   Thumb Code   228  dmul.o(.text)
    __aeabi_ddiv                             0x0800052b   Thumb Code   222  ddiv.o(.text)
    __aeabi_i2d                              0x08000609   Thumb Code    34  dflti.o(.text)
    __aeabi_d2uiz                            0x0800062b   Thumb Code    50  dfixui.o(.text)
    __aeabi_f2d                              0x0800065d   Thumb Code    38  f2d.o(.text)
    __aeabi_cdcmpeq                          0x08000685   Thumb Code     0  cdcmple.o(.text)
    __aeabi_cdcmple                          0x08000685   Thumb Code    48  cdcmple.o(.text)
    __aeabi_cdrcmple                         0x080006b5   Thumb Code    48  cdrcmple.o(.text)
    __aeabi_d2f                              0x080006e5   Thumb Code    56  d2f.o(.text)
    __aeabi_cfcmpeq                          0x0800071d   Thumb Code     0  cfcmple.o(.text)
    __aeabi_cfcmple                          0x0800071d   Thumb Code    20  cfcmple.o(.text)
    __aeabi_cfrcmple                         0x08000731   Thumb Code    20  cfrcmple.o(.text)
    __aeabi_uidiv                            0x08000745   Thumb Code     0  uidiv.o(.text)
    __aeabi_uidivmod                         0x08000745   Thumb Code    44  uidiv.o(.text)
    __aeabi_uldivmod                         0x08000771   Thumb Code    98  uldiv.o(.text)
    __aeabi_llsl                             0x080007d3   Thumb Code    30  llshl.o(.text)
    _ll_shift_l                              0x080007d3   Thumb Code     0  llshl.o(.text)
    __aeabi_lasr                             0x080007f1   Thumb Code    36  llsshr.o(.text)
    _ll_sshift_r                             0x080007f1   Thumb Code     0  llsshr.o(.text)
    __I$use$fp                               0x08000815   Thumb Code     0  iusefp.o(.text)
    _float_round                             0x08000815   Thumb Code    18  fepilogue.o(.text)
    _float_epilogue                          0x08000827   Thumb Code    92  fepilogue.o(.text)
    _double_round                            0x08000883   Thumb Code    30  depilogue.o(.text)
    _double_epilogue                         0x080008a1   Thumb Code   156  depilogue.o(.text)
    __ARM_scalbn                             0x0800093d   Thumb Code    46  dscalb.o(.text)
    scalbn                                   0x0800093d   Thumb Code     0  dscalb.o(.text)
    _dsqrt                                   0x0800096b   Thumb Code   162  dsqrt.o(.text)
    __aeabi_d2ulz                            0x08000a0d   Thumb Code    48  dfixul.o(.text)
    __scatterload                            0x08000a3d   Thumb Code    28  init.o(.text)
    __scatterload_rt2                        0x08000a3d   Thumb Code     0  init.o(.text)
    __aeabi_ui2d                             0x08000a61   Thumb Code    26  dfltui.o(.text)
    __aeabi_d2iz                             0x08000a7b   Thumb Code    62  dfixi.o(.text)
    __decompress                             0x08000ab9   Thumb Code     0  __dczerorl.o(.text)
    __decompress0                            0x08000ab9   Thumb Code    58  __dczerorl.o(.text)
    BusFault_Handler                         0x08000af3   Thumb Code     4  stm32f1xx_it.o(i.BusFault_Handler)
    DebugMon_Handler                         0x08000af7   Thumb Code     2  stm32f1xx_it.o(i.DebugMon_Handler)
    Error_Handler                            0x08000af9   Thumb Code     6  main.o(i.Error_Handler)
    HAL_DMA_Abort                            0x08000aff   Thumb Code    86  stm32f1xx_hal_dma.o(i.HAL_DMA_Abort)
    HAL_DMA_Abort_IT                         0x08000b55   Thumb Code   172  stm32f1xx_hal_dma.o(i.HAL_DMA_Abort_IT)
    HAL_Delay                                0x08000c05   Thumb Code    36  stm32f1xx_hal.o(i.HAL_Delay)
    HAL_GPIO_Init                            0x08000c2d   Thumb Code   766  stm32f1xx_hal_gpio.o(i.HAL_GPIO_Init)
    HAL_GPIO_WritePin                        0x08000f4d   Thumb Code    12  stm32f1xx_hal_gpio.o(i.HAL_GPIO_WritePin)
    HAL_GetTick                              0x08000f59   Thumb Code     6  stm32f1xx_hal.o(i.HAL_GetTick)
    HAL_IncTick                              0x08000f65   Thumb Code    16  stm32f1xx_hal.o(i.HAL_IncTick)
    HAL_Init                                 0x08000f7d   Thumb Code    34  stm32f1xx_hal.o(i.HAL_Init)
    HAL_InitTick                             0x08000fa5   Thumb Code    64  stm32f1xx_hal.o(i.HAL_InitTick)
    HAL_MspInit                              0x08000ff1   Thumb Code    76  stm32f1xx_hal_msp.o(i.HAL_MspInit)
    HAL_NVIC_EnableIRQ                       0x08001045   Thumb Code    32  stm32f1xx_hal_cortex.o(i.HAL_NVIC_EnableIRQ)
    HAL_NVIC_SetPriority                     0x08001065   Thumb Code   124  stm32f1xx_hal_cortex.o(i.HAL_NVIC_SetPriority)
    HAL_NVIC_SetPriorityGrouping             0x080010e1   Thumb Code    32  stm32f1xx_hal_cortex.o(i.HAL_NVIC_SetPriorityGrouping)
    HAL_RCC_ClockConfig                      0x08001109   Thumb Code   376  stm32f1xx_hal_rcc.o(i.HAL_RCC_ClockConfig)
    HAL_RCC_GetHCLKFreq                      0x08001295   Thumb Code     6  stm32f1xx_hal_rcc.o(i.HAL_RCC_GetHCLKFreq)
    HAL_RCC_GetPCLK1Freq                     0x080012a1   Thumb Code    22  stm32f1xx_hal_rcc.o(i.HAL_RCC_GetPCLK1Freq)
    HAL_RCC_GetPCLK2Freq                     0x080012c1   Thumb Code    22  stm32f1xx_hal_rcc.o(i.HAL_RCC_GetPCLK2Freq)
    HAL_RCC_GetSysClockFreq                  0x080012e1   Thumb Code   116  stm32f1xx_hal_rcc.o(i.HAL_RCC_GetSysClockFreq)
    HAL_RCC_OscConfig                        0x08001375   Thumb Code  1114  stm32f1xx_hal_rcc.o(i.HAL_RCC_OscConfig)
    HAL_SYSTICK_Config                       0x080017d9   Thumb Code    52  stm32f1xx_hal_cortex.o(i.HAL_SYSTICK_Config)
    HAL_TIMEx_MasterConfigSynchronization    0x0800180d   Thumb Code   118  stm32f1xx_hal_tim_ex.o(i.HAL_TIMEx_MasterConfigSynchronization)
    HAL_TIM_MspPostInit                      0x08001891   Thumb Code   174  tim.o(i.HAL_TIM_MspPostInit)
    HAL_TIM_PWM_ConfigChannel                0x08001951   Thumb Code   252  stm32f1xx_hal_tim.o(i.HAL_TIM_PWM_ConfigChannel)
    HAL_TIM_PWM_Init                         0x08001a4d   Thumb Code   102  stm32f1xx_hal_tim.o(i.HAL_TIM_PWM_Init)
    HAL_TIM_PWM_MspInit                      0x08001ab5   Thumb Code    76  tim.o(i.HAL_TIM_PWM_MspInit)
    HAL_TIM_PWM_Start                        0x08001b09   Thumb Code   198  stm32f1xx_hal_tim.o(i.HAL_TIM_PWM_Start)
    HAL_UARTEx_RxEventCallback               0x08001bdd   Thumb Code     2  stm32f1xx_hal_uart.o(i.HAL_UARTEx_RxEventCallback)
    HAL_UART_ErrorCallback                   0x08001bdf   Thumb Code     2  stm32f1xx_hal_uart.o(i.HAL_UART_ErrorCallback)
    HAL_UART_IRQHandler                      0x08001be1   Thumb Code   582  stm32f1xx_hal_uart.o(i.HAL_UART_IRQHandler)
    HAL_UART_Init                            0x08001e2d   Thumb Code   114  stm32f1xx_hal_uart.o(i.HAL_UART_Init)
    HAL_UART_MspInit                         0x08001ea1   Thumb Code   242  usart.o(i.HAL_UART_MspInit)
    HAL_UART_Receive_IT                      0x08001fa9   Thumb Code    66  stm32f1xx_hal_uart.o(i.HAL_UART_Receive_IT)
    HAL_UART_RxCpltCallback                  0x08001fed   Thumb Code    34  main.o(i.HAL_UART_RxCpltCallback)
    HAL_UART_Transmit                        0x0800201d   Thumb Code   210  stm32f1xx_hal_uart.o(i.HAL_UART_Transmit)
    HAL_UART_TxCpltCallback                  0x080020ef   Thumb Code     2  stm32f1xx_hal_uart.o(i.HAL_UART_TxCpltCallback)
    HardFault_Handler                        0x080020f1   Thumb Code     4  stm32f1xx_it.o(i.HardFault_Handler)
    MX_GPIO_Init                             0x080020f5   Thumb Code   136  gpio.o(i.MX_GPIO_Init)
    MX_TIM2_Init                             0x08002185   Thumb Code   164  tim.o(i.MX_TIM2_Init)
    MX_TIM3_Init                             0x0800222d   Thumb Code   162  tim.o(i.MX_TIM3_Init)
    MX_USART1_UART_Init                      0x080022d9   Thumb Code    46  usart.o(i.MX_USART1_UART_Init)
    MX_USART3_UART_Init                      0x08002311   Thumb Code    46  usart.o(i.MX_USART3_UART_Init)
    MemManage_Handler                        0x08002349   Thumb Code     4  stm32f1xx_it.o(i.MemManage_Handler)
    NMI_Handler                              0x0800234d   Thumb Code     4  stm32f1xx_it.o(i.NMI_Handler)
    PendSV_Handler                           0x08002351   Thumb Code     2  stm32f1xx_it.o(i.PendSV_Handler)
    SVC_Handler                              0x0800237d   Thumb Code     2  stm32f1xx_it.o(i.SVC_Handler)
    SysTick_Handler                          0x0800237f   Thumb Code     8  stm32f1xx_it.o(i.SysTick_Handler)
    SystemClock_Config                       0x08002387   Thumb Code   102  main.o(i.SystemClock_Config)
    SystemInit                               0x080023ed   Thumb Code     2  system_stm32f1xx.o(i.SystemInit)
    TIM_Base_SetConfig                       0x080023f1   Thumb Code   104  stm32f1xx_hal_tim.o(i.TIM_Base_SetConfig)
    TIM_CCxChannelCmd                        0x08002465   Thumb Code    34  stm32f1xx_hal_tim.o(i.TIM_CCxChannelCmd)
    TIM_OC2_SetConfig                        0x080024e9   Thumb Code   100  stm32f1xx_hal_tim.o(i.TIM_OC2_SetConfig)
    UART_Start_Receive_IT                    0x0800284d   Thumb Code    70  stm32f1xx_hal_uart.o(i.UART_Start_Receive_IT)
    USART3_IRQHandler                        0x08002961   Thumb Code    10  stm32f1xx_it.o(i.USART3_IRQHandler)
    UsageFault_Handler                       0x08002971   Thumb Code     4  stm32f1xx_it.o(i.UsageFault_Handler)
    __0printf                                0x08002975   Thumb Code    22  printfa.o(i.__0printf)
    __1printf                                0x08002975   Thumb Code     0  printfa.o(i.__0printf)
    __2printf                                0x08002975   Thumb Code     0  printfa.o(i.__0printf)
    __c89printf                              0x08002975   Thumb Code     0  printfa.o(i.__0printf)
    printf                                   0x08002975   Thumb Code     0  printfa.o(i.__0printf)
    __ARM_fpclassify                         0x08002995   Thumb Code    40  fpclassify.o(i.__ARM_fpclassify)
    __ieee754_rem_pio2                       0x080029f5   Thumb Code   828  rred.o(i.__ieee754_rem_pio2)
    __kernel_cos                             0x08002d7d   Thumb Code   230  cos_i.o(i.__kernel_cos)
    __kernel_poly                            0x08002e79   Thumb Code   170  poly.o(i.__kernel_poly)
    __kernel_sin                             0x08002f25   Thumb Code   224  sin_i.o(i.__kernel_sin)
    __mathlib_dbl_infnan                     0x08003011   Thumb Code     6  dunder.o(i.__mathlib_dbl_infnan)
    __mathlib_dbl_invalid                    0x08003017   Thumb Code    12  dunder.o(i.__mathlib_dbl_invalid)
    __mathlib_dbl_underflow                  0x08003025   Thumb Code    10  dunder.o(i.__mathlib_dbl_underflow)
    __scatterload_copy                       0x08003035   Thumb Code    14  handlers.o(i.__scatterload_copy)
    __scatterload_null                       0x08003043   Thumb Code     2  handlers.o(i.__scatterload_null)
    __scatterload_zeroinit                   0x08003045   Thumb Code    14  handlers.o(i.__scatterload_zeroinit)
    __set_errno                              0x08003055   Thumb Code     6  errno.o(i.__set_errno)
    atan                                     0x08003915   Thumb Code   474  atan.o(i.atan)
    blue_task                                0x08003b35   Thumb Code   126  servo.o(i.blue_task)
    coordinate_transformation                0x08003c15   Thumb Code    76  openmv.o(i.coordinate_transformation)
    cos                                      0x08003c81   Thumb Code   148  cos.o(i.cos)
    fputc                                    0x08003d1d   Thumb Code    22  usart.o(i.fputc)
    main                                     0x08003d39   Thumb Code   180  main.o(i.main)
    openmv_receive_data                      0x08003e85   Thumb Code   302  openmv.o(i.openmv_receive_data)
    pwm_out                                  0x08004005   Thumb Code   228  servo.o(i.pwm_out)
    pwm_start                                0x08004109   Thumb Code    52  servo.o(i.pwm_start)
    servo_angle_calculate                    0x08004145   Thumb Code  2264  servo.o(i.servo_angle_calculate)
    servo_catch                              0x08004a21   Thumb Code   440  servo.o(i.servo_catch)
    servo_control                            0x08004bf9   Thumb Code  1222  servo.o(i.servo_control)
    servo_lift                               0x080050f5   Thumb Code    52  servo.o(i.servo_lift)
    servo_lift_return                        0x08005139   Thumb Code    52  servo.o(i.servo_lift_return)
    servo_release_blue                       0x0800517d   Thumb Code   294  servo.o(i.servo_release_blue)
    servo_release_yellow                     0x080052b9   Thumb Code   294  servo.o(i.servo_release_yellow)
    servo_reset                              0x080053f5   Thumb Code   528  servo.o(i.servo_reset)
    servo_reset_begin                        0x08005629   Thumb Code    94  servo.o(i.servo_reset_begin)
    servo_transfer_blue                      0x080056a5   Thumb Code    52  servo.o(i.servo_transfer_blue)
    servo_transfer_yellow                    0x080056e9   Thumb Code    52  servo.o(i.servo_transfer_yellow)
    sin                                      0x0800572d   Thumb Code   150  sin.o(i.sin)
    sqrt                                     0x080057cd   Thumb Code    76  sqrt.o(i.sqrt)
    translate_angle_to_pulse                 0x08005819   Thumb Code   356  servo.o(i.translate_angle_to_pulse)
    yellow_task                              0x080059b1   Thumb Code   126  servo.o(i.yellow_task)
    AHBPrescTable                            0x08005a90   Data          16  system_stm32f1xx.o(.constdata)
    APBPrescTable                            0x08005aa0   Data           8  system_stm32f1xx.o(.constdata)
    Region$$Table$$Base                      0x08005cd0   Number         0  anon$$obj.o(Region$$Table)
    Region$$Table$$Limit                     0x08005cf0   Number         0  anon$$obj.o(Region$$Table)
    a1                                       0x20000000   Data           8  servo.o(.data)
    a2                                       0x20000008   Data           8  servo.o(.data)
    a3                                       0x20000010   Data           8  servo.o(.data)
    a4                                       0x20000018   Data           8  servo.o(.data)
    a5                                       0x20000020   Data           8  servo.o(.data)
    a6                                       0x20000028   Data           8  servo.o(.data)
    abs_angle_error_1                        0x20000030   Data           8  servo.o(.data)
    abs_angle_error_2                        0x20000038   Data           8  servo.o(.data)
    abs_angle_error_3                        0x20000040   Data           8  servo.o(.data)
    abs_angle_error_4                        0x20000048   Data           8  servo.o(.data)
    abs_angle_error_5                        0x20000050   Data           8  servo.o(.data)
    abs_angle_error_6                        0x20000058   Data           8  servo.o(.data)
    angle_1                                  0x20000060   Data           8  main.o(.data)
    angle_2                                  0x20000068   Data           8  main.o(.data)
    angle_3                                  0x20000070   Data           8  main.o(.data)
    angle_4                                  0x20000078   Data           8  main.o(.data)
    angle_5                                  0x20000080   Data           8  main.o(.data)
    angle_6                                  0x20000088   Data           8  main.o(.data)
    now_angle_1                              0x20000090   Data           8  main.o(.data)
    now_angle_2                              0x20000098   Data           8  main.o(.data)
    now_angle_3                              0x200000a0   Data           8  main.o(.data)
    now_angle_4                              0x200000a8   Data           8  main.o(.data)
    now_angle_5                              0x200000b0   Data           8  main.o(.data)
    now_angle_6                              0x200000b8   Data           8  main.o(.data)
    target_angle_1                           0x200000c0   Data           8  main.o(.data)
    target_angle_2                           0x200000c8   Data           8  main.o(.data)
    target_angle_3                           0x200000d0   Data           8  main.o(.data)
    target_angle_4                           0x200000d8   Data           8  main.o(.data)
    target_angle_5                           0x200000e0   Data           8  main.o(.data)
    target_angle_6                           0x200000e8   Data           8  main.o(.data)
    pulse_1                                  0x200000f0   Data           8  main.o(.data)
    pulse_2                                  0x200000f8   Data           8  main.o(.data)
    pulse_3                                  0x20000100   Data           8  main.o(.data)
    pulse_4                                  0x20000108   Data           8  main.o(.data)
    pulse_5                                  0x20000110   Data           8  main.o(.data)
    pulse_6                                  0x20000118   Data           8  main.o(.data)
    theta_1                                  0x20000120   Data           8  main.o(.data)
    theta_2                                  0x20000128   Data           8  main.o(.data)
    theta_3                                  0x20000130   Data           8  main.o(.data)
    theta_4                                  0x20000138   Data           8  main.o(.data)
    pi                                       0x20000140   Data           8  main.o(.data)
    USART3_RXbuff                            0x20000148   Data           1  main.o(.data)
    center_x                                 0x20000150   Data           1  openmv.o(.data)
    center_y                                 0x20000151   Data           1  openmv.o(.data)
    color_type                               0x20000152   Data           1  openmv.o(.data)
    center_x_cm                              0x20000158   Data           8  openmv.o(.data)
    center_y_cm                              0x20000160   Data           8  openmv.o(.data)
    uwTick                                   0x2000016c   Data           4  stm32f1xx_hal.o(.data)
    uwTickPrio                               0x20000170   Data           4  stm32f1xx_hal.o(.data)
    uwTickFreq                               0x20000174   Data           1  stm32f1xx_hal.o(.data)
    SystemCoreClock                          0x20000178   Data           4  system_stm32f1xx.o(.data)
    __stdout                                 0x2000017c   Data           4  stdout.o(.data)
    htim2                                    0x20000184   Data          72  tim.o(.bss)
    htim3                                    0x200001cc   Data          72  tim.o(.bss)
    huart1                                   0x20000214   Data          68  usart.o(.bss)
    huart3                                   0x20000258   Data          68  usart.o(.bss)
    __initial_sp                             0x200006b0   Data           0  startup_stm32f103xb.o(STACK)



==============================================================================

Memory Map of the image

  Image Entry point : 0x080000ed

  Load Region LR_IROM1 (Base: 0x08000000, Size: 0x00005e74, Max: 0x00010000, ABSOLUTE, COMPRESSED[0x00005d08])

    Execution Region ER_IROM1 (Exec base: 0x08000000, Load base: 0x08000000, Size: 0x00005cf0, Max: 0x00010000, ABSOLUTE)

    Exec Addr    Load Addr    Size         Type   Attr      Idx    E Section Name        Object

    0x08000000   0x08000000   0x000000ec   Data   RO            3    RESET               startup_stm32f103xb.o
    0x080000ec   0x080000ec   0x00000000   Code   RO         3220  * .ARM.Collect$$$$00000000  mc_w.l(entry.o)
    0x080000ec   0x080000ec   0x00000004   Code   RO         3548    .ARM.Collect$$$$00000001  mc_w.l(entry2.o)
    0x080000f0   0x080000f0   0x00000004   Code   RO         3551    .ARM.Collect$$$$00000004  mc_w.l(entry5.o)
    0x080000f4   0x080000f4   0x00000000   Code   RO         3553    .ARM.Collect$$$$00000008  mc_w.l(entry7b.o)
    0x080000f4   0x080000f4   0x00000000   Code   RO         3555    .ARM.Collect$$$$0000000A  mc_w.l(entry8b.o)
    0x080000f4   0x080000f4   0x00000008   Code   RO         3556    .ARM.Collect$$$$0000000B  mc_w.l(entry9a.o)
    0x080000fc   0x080000fc   0x00000000   Code   RO         3558    .ARM.Collect$$$$0000000D  mc_w.l(entry10a.o)
    0x080000fc   0x080000fc   0x00000000   Code   RO         3560    .ARM.Collect$$$$0000000F  mc_w.l(entry11a.o)
    0x080000fc   0x080000fc   0x00000004   Code   RO         3549    .ARM.Collect$$$$00002712  mc_w.l(entry2.o)
    0x08000100   0x08000100   0x00000024   Code   RO            4    .text               startup_stm32f103xb.o
    0x08000124   0x08000124   0x00000020   Code   RO         3223    .text               mc_w.l(llushr.o)
    0x08000144   0x08000144   0x00000024   Code   RO         3225    .text               mc_w.l(memseta.o)
    0x08000168   0x08000168   0x000000b0   Code   RO         3488    .text               mf_w.l(fadd.o)
    0x08000218   0x08000218   0x00000064   Code   RO         3490    .text               mf_w.l(fmul.o)
    0x0800027c   0x0800027c   0x0000007c   Code   RO         3492    .text               mf_w.l(fdiv.o)
    0x080002f8   0x080002f8   0x0000014e   Code   RO         3494    .text               mf_w.l(dadd.o)
    0x08000446   0x08000446   0x000000e4   Code   RO         3496    .text               mf_w.l(dmul.o)
    0x0800052a   0x0800052a   0x000000de   Code   RO         3498    .text               mf_w.l(ddiv.o)
    0x08000608   0x08000608   0x00000022   Code   RO         3500    .text               mf_w.l(dflti.o)
    0x0800062a   0x0800062a   0x00000032   Code   RO         3502    .text               mf_w.l(dfixui.o)
    0x0800065c   0x0800065c   0x00000026   Code   RO         3504    .text               mf_w.l(f2d.o)
    0x08000682   0x08000682   0x00000002   PAD
    0x08000684   0x08000684   0x00000030   Code   RO         3506    .text               mf_w.l(cdcmple.o)
    0x080006b4   0x080006b4   0x00000030   Code   RO         3508    .text               mf_w.l(cdrcmple.o)
    0x080006e4   0x080006e4   0x00000038   Code   RO         3510    .text               mf_w.l(d2f.o)
    0x0800071c   0x0800071c   0x00000014   Code   RO         3512    .text               mf_w.l(cfcmple.o)
    0x08000730   0x08000730   0x00000014   Code   RO         3514    .text               mf_w.l(cfrcmple.o)
    0x08000744   0x08000744   0x0000002c   Code   RO         3563    .text               mc_w.l(uidiv.o)
    0x08000770   0x08000770   0x00000062   Code   RO         3565    .text               mc_w.l(uldiv.o)
    0x080007d2   0x080007d2   0x0000001e   Code   RO         3567    .text               mc_w.l(llshl.o)
    0x080007f0   0x080007f0   0x00000024   Code   RO         3569    .text               mc_w.l(llsshr.o)
    0x08000814   0x08000814   0x00000000   Code   RO         3578    .text               mc_w.l(iusefp.o)
    0x08000814   0x08000814   0x0000006e   Code   RO         3579    .text               mf_w.l(fepilogue.o)
    0x08000882   0x08000882   0x000000ba   Code   RO         3581    .text               mf_w.l(depilogue.o)
    0x0800093c   0x0800093c   0x0000002e   Code   RO         3583    .text               mf_w.l(dscalb.o)
    0x0800096a   0x0800096a   0x000000a2   Code   RO         3585    .text               mf_w.l(dsqrt.o)
    0x08000a0c   0x08000a0c   0x00000030   Code   RO         3587    .text               mf_w.l(dfixul.o)
    0x08000a3c   0x08000a3c   0x00000024   Code   RO         3589    .text               mc_w.l(init.o)
    0x08000a60   0x08000a60   0x0000001a   Code   RO         3591    .text               mf_w.l(dfltui.o)
    0x08000a7a   0x08000a7a   0x0000003e   Code   RO         3593    .text               mf_w.l(dfixi.o)
    0x08000ab8   0x08000ab8   0x0000003a   Code   RO         3603    .text               mc_w.l(__dczerorl.o)
    0x08000af2   0x08000af2   0x00000004   Code   RO          612    i.BusFault_Handler  stm32f1xx_it.o
    0x08000af6   0x08000af6   0x00000002   Code   RO          613    i.DebugMon_Handler  stm32f1xx_it.o
    0x08000af8   0x08000af8   0x00000006   Code   RO          241    i.Error_Handler     main.o
    0x08000afe   0x08000afe   0x00000056   Code   RO         2163    i.HAL_DMA_Abort     stm32f1xx_hal_dma.o
    0x08000b54   0x08000b54   0x000000b0   Code   RO         2164    i.HAL_DMA_Abort_IT  stm32f1xx_hal_dma.o
    0x08000c04   0x08000c04   0x00000028   Code   RO         1786    i.HAL_Delay         stm32f1xx_hal.o
    0x08000c2c   0x08000c2c   0x00000320   Code   RO         2099    i.HAL_GPIO_Init     stm32f1xx_hal_gpio.o
    0x08000f4c   0x08000f4c   0x0000000c   Code   RO         2103    i.HAL_GPIO_WritePin  stm32f1xx_hal_gpio.o
    0x08000f58   0x08000f58   0x0000000c   Code   RO         1790    i.HAL_GetTick       stm32f1xx_hal.o
    0x08000f64   0x08000f64   0x00000018   Code   RO         1796    i.HAL_IncTick       stm32f1xx_hal.o
    0x08000f7c   0x08000f7c   0x00000028   Code   RO         1797    i.HAL_Init          stm32f1xx_hal.o
    0x08000fa4   0x08000fa4   0x0000004c   Code   RO         1798    i.HAL_InitTick      stm32f1xx_hal.o
    0x08000ff0   0x08000ff0   0x00000054   Code   RO          694    i.HAL_MspInit       stm32f1xx_hal_msp.o
    0x08001044   0x08001044   0x00000020   Code   RO         2259    i.HAL_NVIC_EnableIRQ  stm32f1xx_hal_cortex.o
    0x08001064   0x08001064   0x0000007c   Code   RO         2265    i.HAL_NVIC_SetPriority  stm32f1xx_hal_cortex.o
    0x080010e0   0x080010e0   0x00000028   Code   RO         2266    i.HAL_NVIC_SetPriorityGrouping  stm32f1xx_hal_cortex.o
    0x08001108   0x08001108   0x0000018c   Code   RO         1954    i.HAL_RCC_ClockConfig  stm32f1xx_hal_rcc.o
    0x08001294   0x08001294   0x0000000c   Code   RO         1959    i.HAL_RCC_GetHCLKFreq  stm32f1xx_hal_rcc.o
    0x080012a0   0x080012a0   0x00000020   Code   RO         1961    i.HAL_RCC_GetPCLK1Freq  stm32f1xx_hal_rcc.o
    0x080012c0   0x080012c0   0x00000020   Code   RO         1962    i.HAL_RCC_GetPCLK2Freq  stm32f1xx_hal_rcc.o
    0x080012e0   0x080012e0   0x00000094   Code   RO         1963    i.HAL_RCC_GetSysClockFreq  stm32f1xx_hal_rcc.o
    0x08001374   0x08001374   0x00000464   Code   RO         1966    i.HAL_RCC_OscConfig  stm32f1xx_hal_rcc.o
    0x080017d8   0x080017d8   0x00000034   Code   RO         2270    i.HAL_SYSTICK_Config  stm32f1xx_hal_cortex.o
    0x0800180c   0x0800180c   0x00000084   Code   RO         1531    i.HAL_TIMEx_MasterConfigSynchronization  stm32f1xx_hal_tim_ex.o
    0x08001890   0x08001890   0x000000c0   Code   RO          500    i.HAL_TIM_MspPostInit  tim.o
    0x08001950   0x08001950   0x000000fc   Code   RO          869    i.HAL_TIM_PWM_ConfigChannel  stm32f1xx_hal_tim.o
    0x08001a4c   0x08001a4c   0x00000066   Code   RO          872    i.HAL_TIM_PWM_Init  stm32f1xx_hal_tim.o
    0x08001ab2   0x08001ab2   0x00000002   PAD
    0x08001ab4   0x08001ab4   0x00000054   Code   RO          502    i.HAL_TIM_PWM_MspInit  tim.o
    0x08001b08   0x08001b08   0x000000d4   Code   RO          877    i.HAL_TIM_PWM_Start  stm32f1xx_hal_tim.o
    0x08001bdc   0x08001bdc   0x00000002   Code   RO         2796    i.HAL_UARTEx_RxEventCallback  stm32f1xx_hal_uart.o
    0x08001bde   0x08001bde   0x00000002   Code   RO         2810    i.HAL_UART_ErrorCallback  stm32f1xx_hal_uart.o
    0x08001be0   0x08001be0   0x0000024c   Code   RO         2813    i.HAL_UART_IRQHandler  stm32f1xx_hal_uart.o
    0x08001e2c   0x08001e2c   0x00000072   Code   RO         2814    i.HAL_UART_Init     stm32f1xx_hal_uart.o
    0x08001e9e   0x08001e9e   0x00000002   PAD
    0x08001ea0   0x08001ea0   0x00000108   Code   RO          555    i.HAL_UART_MspInit  usart.o
    0x08001fa8   0x08001fa8   0x00000042   Code   RO         2819    i.HAL_UART_Receive_IT  stm32f1xx_hal_uart.o
    0x08001fea   0x08001fea   0x00000002   PAD
    0x08001fec   0x08001fec   0x00000030   Code   RO          242    i.HAL_UART_RxCpltCallback  main.o
    0x0800201c   0x0800201c   0x000000d2   Code   RO         2822    i.HAL_UART_Transmit  stm32f1xx_hal_uart.o
    0x080020ee   0x080020ee   0x00000002   Code   RO         2825    i.HAL_UART_TxCpltCallback  stm32f1xx_hal_uart.o
    0x080020f0   0x080020f0   0x00000004   Code   RO          614    i.HardFault_Handler  stm32f1xx_it.o
    0x080020f4   0x080020f4   0x00000090   Code   RO          392    i.MX_GPIO_Init      gpio.o
    0x08002184   0x08002184   0x000000a8   Code   RO          503    i.MX_TIM2_Init      tim.o
    0x0800222c   0x0800222c   0x000000ac   Code   RO          504    i.MX_TIM3_Init      tim.o
    0x080022d8   0x080022d8   0x00000038   Code   RO          556    i.MX_USART1_UART_Init  usart.o
    0x08002310   0x08002310   0x00000038   Code   RO          557    i.MX_USART3_UART_Init  usart.o
    0x08002348   0x08002348   0x00000004   Code   RO          615    i.MemManage_Handler  stm32f1xx_it.o
    0x0800234c   0x0800234c   0x00000004   Code   RO          616    i.NMI_Handler       stm32f1xx_it.o
    0x08002350   0x08002350   0x00000002   Code   RO          617    i.PendSV_Handler    stm32f1xx_it.o
    0x08002352   0x08002352   0x00000002   PAD
    0x08002354   0x08002354   0x00000028   Code   RO         1967    i.RCC_Delay         stm32f1xx_hal_rcc.o
    0x0800237c   0x0800237c   0x00000002   Code   RO          618    i.SVC_Handler       stm32f1xx_it.o
    0x0800237e   0x0800237e   0x00000008   Code   RO          619    i.SysTick_Handler   stm32f1xx_it.o
    0x08002386   0x08002386   0x00000066   Code   RO          243    i.SystemClock_Config  main.o
    0x080023ec   0x080023ec   0x00000002   Code   RO         3153    i.SystemInit        system_stm32f1xx.o
    0x080023ee   0x080023ee   0x00000002   PAD
    0x080023f0   0x080023f0   0x00000074   Code   RO          890    i.TIM_Base_SetConfig  stm32f1xx_hal_tim.o
    0x08002464   0x08002464   0x00000022   Code   RO          891    i.TIM_CCxChannelCmd  stm32f1xx_hal_tim.o
    0x08002486   0x08002486   0x00000002   PAD
    0x08002488   0x08002488   0x00000060   Code   RO          903    i.TIM_OC1_SetConfig  stm32f1xx_hal_tim.o
    0x080024e8   0x080024e8   0x00000068   Code   RO          904    i.TIM_OC2_SetConfig  stm32f1xx_hal_tim.o
    0x08002550   0x08002550   0x00000068   Code   RO          905    i.TIM_OC3_SetConfig  stm32f1xx_hal_tim.o
    0x080025b8   0x080025b8   0x00000048   Code   RO          906    i.TIM_OC4_SetConfig  stm32f1xx_hal_tim.o
    0x08002600   0x08002600   0x00000014   Code   RO         2827    i.UART_DMAAbortOnError  stm32f1xx_hal_uart.o
    0x08002614   0x08002614   0x00000036   Code   RO         2837    i.UART_EndRxTransfer  stm32f1xx_hal_uart.o
    0x0800264a   0x0800264a   0x00000020   Code   RO         2838    i.UART_EndTransmit_IT  stm32f1xx_hal_uart.o
    0x0800266a   0x0800266a   0x000000e4   Code   RO         2840    i.UART_Receive_IT   stm32f1xx_hal_uart.o
    0x0800274e   0x0800274e   0x00000002   PAD
    0x08002750   0x08002750   0x000000fc   Code   RO         2841    i.UART_SetConfig    stm32f1xx_hal_uart.o
    0x0800284c   0x0800284c   0x00000046   Code   RO         2843    i.UART_Start_Receive_IT  stm32f1xx_hal_uart.o
    0x08002892   0x08002892   0x00000060   Code   RO         2844    i.UART_Transmit_IT  stm32f1xx_hal_uart.o
    0x080028f2   0x080028f2   0x0000006c   Code   RO         2845    i.UART_WaitOnFlagUntilTimeout  stm32f1xx_hal_uart.o
    0x0800295e   0x0800295e   0x00000002   PAD
    0x08002960   0x08002960   0x00000010   Code   RO          620    i.USART3_IRQHandler  stm32f1xx_it.o
    0x08002970   0x08002970   0x00000004   Code   RO          621    i.UsageFault_Handler  stm32f1xx_it.o
    0x08002974   0x08002974   0x00000020   Code   RO         3460    i.__0printf         mc_w.l(printfa.o)
    0x08002994   0x08002994   0x00000028   Code   RO         3533    i.__ARM_fpclassify  m_ws.l(fpclassify.o)
    0x080029bc   0x080029bc   0x00000010   Code   RO         2272    i.__NVIC_GetPriorityGrouping  stm32f1xx_hal_cortex.o
    0x080029cc   0x080029cc   0x00000028   Code   RO         2273    i.__NVIC_SetPriority  stm32f1xx_hal_cortex.o
    0x080029f4   0x080029f4   0x00000388   Code   RO         3537    i.__ieee754_rem_pio2  m_ws.l(rred.o)
    0x08002d7c   0x08002d7c   0x000000fc   Code   RO         3516    i.__kernel_cos      m_ws.l(cos_i.o)
    0x08002e78   0x08002e78   0x000000aa   Code   RO         3535    i.__kernel_poly     m_ws.l(poly.o)
    0x08002f22   0x08002f22   0x00000002   PAD
    0x08002f24   0x08002f24   0x000000ec   Code   RO         3542    i.__kernel_sin      m_ws.l(sin_i.o)
    0x08003010   0x08003010   0x00000006   Code   RO         3520    i.__mathlib_dbl_infnan  m_ws.l(dunder.o)
    0x08003016   0x08003016   0x0000000c   Code   RO         3522    i.__mathlib_dbl_invalid  m_ws.l(dunder.o)
    0x08003022   0x08003022   0x00000002   PAD
    0x08003024   0x08003024   0x00000010   Code   RO         3525    i.__mathlib_dbl_underflow  m_ws.l(dunder.o)
    0x08003034   0x08003034   0x0000000e   Code   RO         3597    i.__scatterload_copy  mc_w.l(handlers.o)
    0x08003042   0x08003042   0x00000002   Code   RO         3598    i.__scatterload_null  mc_w.l(handlers.o)
    0x08003044   0x08003044   0x0000000e   Code   RO         3599    i.__scatterload_zeroinit  mc_w.l(handlers.o)
    0x08003052   0x08003052   0x00000002   PAD
    0x08003054   0x08003054   0x0000000c   Code   RO         3573    i.__set_errno       mc_w.l(errno.o)
    0x08003060   0x08003060   0x00000184   Code   RO         3467    i._fp_digits        mc_w.l(printfa.o)
    0x080031e4   0x080031e4   0x000006dc   Code   RO         3468    i._printf_core      mc_w.l(printfa.o)
    0x080038c0   0x080038c0   0x00000024   Code   RO         3469    i._printf_post_padding  mc_w.l(printfa.o)
    0x080038e4   0x080038e4   0x0000002e   Code   RO         3470    i._printf_pre_padding  mc_w.l(printfa.o)
    0x08003912   0x08003912   0x00000002   PAD
    0x08003914   0x08003914   0x00000220   Code   RO         3187    i.atan              m_ws.l(atan.o)
    0x08003b34   0x08003b34   0x000000e0   Code   RO           13    i.blue_task         servo.o
    0x08003c14   0x08003c14   0x0000006c   Code   RO          718    i.coordinate_transformation  openmv.o
    0x08003c80   0x08003c80   0x0000009c   Code   RO         3197    i.cos               m_ws.l(cos.o)
    0x08003d1c   0x08003d1c   0x0000001c   Code   RO          558    i.fputc             usart.o
    0x08003d38   0x08003d38   0x0000014c   Code   RO          244    i.main              main.o
    0x08003e84   0x08003e84   0x00000180   Code   RO          719    i.openmv_receive_data  openmv.o
    0x08004004   0x08004004   0x00000104   Code   RO           14    i.pwm_out           servo.o
    0x08004108   0x08004108   0x0000003c   Code   RO           15    i.pwm_start         servo.o
    0x08004144   0x08004144   0x000008dc   Code   RO           16    i.servo_angle_calculate  servo.o
    0x08004a20   0x08004a20   0x000001d8   Code   RO           17    i.servo_catch       servo.o
    0x08004bf8   0x08004bf8   0x000004fc   Code   RO           18    i.servo_control     servo.o
    0x080050f4   0x080050f4   0x00000044   Code   RO           19    i.servo_lift        servo.o
    0x08005138   0x08005138   0x00000044   Code   RO           20    i.servo_lift_return  servo.o
    0x0800517c   0x0800517c   0x0000013c   Code   RO           21    i.servo_release_blue  servo.o
    0x080052b8   0x080052b8   0x0000013c   Code   RO           22    i.servo_release_yellow  servo.o
    0x080053f4   0x080053f4   0x00000234   Code   RO           23    i.servo_reset       servo.o
    0x08005628   0x08005628   0x0000007c   Code   RO           24    i.servo_reset_begin  servo.o
    0x080056a4   0x080056a4   0x00000044   Code   RO           26    i.servo_transfer_blue  servo.o
    0x080056e8   0x080056e8   0x00000044   Code   RO           27    i.servo_transfer_yellow  servo.o
    0x0800572c   0x0800572c   0x000000a0   Code   RO         3205    i.sin               m_ws.l(sin.o)
    0x080057cc   0x080057cc   0x0000004c   Code   RO         3213    i.sqrt              m_ws.l(sqrt.o)
    0x08005818   0x08005818   0x00000198   Code   RO           28    i.translate_angle_to_pulse  servo.o
    0x080059b0   0x080059b0   0x000000e0   Code   RO           29    i.yellow_task       servo.o
    0x08005a90   0x08005a90   0x00000018   Data   RO         3154    .constdata          system_stm32f1xx.o
    0x08005aa8   0x08005aa8   0x00000098   Data   RO         3188    .constdata          m_ws.l(atan.o)
    0x08005b40   0x08005b40   0x00000030   Data   RO         3517    .constdata          m_ws.l(cos_i.o)
    0x08005b70   0x08005b70   0x000000c8   Data   RO         3539    .constdata          m_ws.l(rred.o)
    0x08005c38   0x08005c38   0x00000028   Data   RO         3543    .constdata          m_ws.l(sin_i.o)
    0x08005c60   0x08005c60   0x0000006e   Data   RO           30    .conststring        servo.o
    0x08005cce   0x08005cce   0x00000002   PAD
    0x08005cd0   0x08005cd0   0x00000020   Data   RO         3595    Region$$Table       anon$$obj.o


    Execution Region RW_IRAM1 (Exec base: 0x20000000, Load base: 0x08005cf0, Size: 0x000006b0, Max: 0x00005000, ABSOLUTE, COMPRESSED[0x00000018])

    Exec Addr    Load Addr    Size         Type   Attr      Idx    E Section Name        Object

    0x20000000   COMPRESSED   0x00000060   Data   RW           31    .data               servo.o
    0x20000060   COMPRESSED   0x000000e9   Data   RW          245    .data               main.o
    0x20000149   COMPRESSED   0x00000007   PAD
    0x20000150   COMPRESSED   0x0000001a   Data   RW          721    .data               openmv.o
    0x2000016a   COMPRESSED   0x00000002   PAD
    0x2000016c   COMPRESSED   0x00000009   Data   RW         1804    .data               stm32f1xx_hal.o
    0x20000175   COMPRESSED   0x00000003   PAD
    0x20000178   COMPRESSED   0x00000004   Data   RW         3155    .data               system_stm32f1xx.o
    0x2000017c   COMPRESSED   0x00000004   Data   RW         3562    .data               mc_w.l(stdout.o)
    0x20000180   COMPRESSED   0x00000004   Data   RW         3574    .data               mc_w.l(errno.o)
    0x20000184        -       0x00000090   Zero   RW          505    .bss                tim.o
    0x20000214        -       0x00000088   Zero   RW          559    .bss                usart.o
    0x2000029c        -       0x00000014   Zero   RW          720    .bss                openmv.o
    0x200002b0        -       0x00000400   Zero   RW            1    STACK               startup_stm32f103xb.o


==============================================================================

Image component sizes


      Code (inc. data)   RO Data    RW Data    ZI Data      Debug   Object Name

       144          8          0          0          0     421867   gpio.o
       488        166          0        233          0     387574   main.o
       492        114          0         26         20       1921   openmv.o
      6784        714        110         96          0      16830   servo.o
        36          8        236          0       1024        824   startup_stm32f103xb.o
       192         36          0          9          0       6117   stm32f1xx_hal.o
       304         22          0          0          0      29611   stm32f1xx_hal_cortex.o
       262          4          0          0          0       1839   stm32f1xx_hal_dma.o
       812         34          0          0          0       2760   stm32f1xx_hal_gpio.o
        84          8          0          0          0        954   stm32f1xx_hal_msp.o
      1784        110          0          0          0       6240   stm32f1xx_hal_rcc.o
      1092         46          0          0          0       7244   stm32f1xx_hal_tim.o
       132         14          0          0          0       1360   stm32f1xx_hal_tim_ex.o
      1844         10          0          0          0      11716   stm32f1xx_hal_uart.o
        50          6          0          0          0       4670   stm32f1xx_it.o
         2          0         24          4          0       1203   system_stm32f1xx.o
       616         40          0          0        144       3264   tim.o
       404         48          0          0        136       4343   usart.o

    ----------------------------------------------------------------------
     15538       1388        404        380       1324     910337   Object Totals
         0          0         32          0          0          0   (incl. Generated)
        16          0          2         12          0          0   (incl. Padding)

    ----------------------------------------------------------------------

      Code (inc. data)   RO Data    RW Data    ZI Data      Debug   Library Member Name

       544         70        152          0          0        124   atan.o
       156          8          0          0          0        104   cos.o
       252         22         48          0          0        124   cos_i.o
        34          6          0          0          0        204   dunder.o
        40          0          0          0          0         68   fpclassify.o
       170          0          0          0          0         96   poly.o
       904         76        200          0          0        140   rred.o
       160         10          0          0          0        108   sin.o
       236         12         40          0          0        128   sin_i.o
        76          0          0          0          0         84   sqrt.o
        58          0          0          0          0          0   __dczerorl.o
         0          0          0          0          0          0   entry.o
         0          0          0          0          0          0   entry10a.o
         0          0          0          0          0          0   entry11a.o
         8          4          0          0          0          0   entry2.o
         4          0          0          0          0          0   entry5.o
         0          0          0          0          0          0   entry7b.o
         0          0          0          0          0          0   entry8b.o
         8          4          0          0          0          0   entry9a.o
        12          6          0          4          0         68   errno.o
        30          0          0          0          0          0   handlers.o
        36          8          0          0          0         68   init.o
         0          0          0          0          0          0   iusefp.o
        30          0          0          0          0         68   llshl.o
        36          0          0          0          0         68   llsshr.o
        32          0          0          0          0         68   llushr.o
        36          0          0          0          0        108   memseta.o
      2258         90          0          0          0        452   printfa.o
         0          0          0          4          0          0   stdout.o
        44          0          0          0          0         80   uidiv.o
        98          0          0          0          0         92   uldiv.o
        48          0          0          0          0         68   cdcmple.o
        48          0          0          0          0         68   cdrcmple.o
        20          0          0          0          0         68   cfcmple.o
        20          0          0          0          0         68   cfrcmple.o
        56          0          0          0          0         88   d2f.o
       334          0          0          0          0        148   dadd.o
       222          0          0          0          0        100   ddiv.o
       186          0          0          0          0        176   depilogue.o
        62          0          0          0          0         80   dfixi.o
        50          0          0          0          0         76   dfixui.o
        48          0          0          0          0         68   dfixul.o
        34          0          0          0          0         76   dflti.o
        26          0          0          0          0         76   dfltui.o
       228          0          0          0          0         96   dmul.o
        46          0          0          0          0         80   dscalb.o
       162          0          0          0          0        100   dsqrt.o
        38          0          0          0          0         68   f2d.o
       176          0          0          0          0        140   fadd.o
       124          0          0          0          0         88   fdiv.o
       110          0          0          0          0        168   fepilogue.o
       100          0          0          0          0         76   fmul.o

    ----------------------------------------------------------------------
      7410        316        440          8          0       4228   Library Totals
        10          0          0          0          0          0   (incl. Padding)

    ----------------------------------------------------------------------

      Code (inc. data)   RO Data    RW Data    ZI Data      Debug   Library Name

      2572        204        440          0          0       1180   m_ws.l
      2690        112          0          8          0       1072   mc_w.l
      2138          0          0          0          0       1976   mf_w.l

    ----------------------------------------------------------------------
      7410        316        440          8          0       4228   Library Totals

    ----------------------------------------------------------------------

==============================================================================


      Code (inc. data)   RO Data    RW Data    ZI Data      Debug   

     22948       1704        844        388       1324     908089   Grand Totals
     22948       1704        844         24       1324     908089   ELF Image Totals (compressed)
     22948       1704        844         24          0          0   ROM Totals

==============================================================================

    Total RO  Size (Code + RO Data)                23792 (  23.23kB)
    Total RW  Size (RW Data + ZI Data)              1712 (   1.67kB)
    Total ROM Size (Code + RO Data + RW Data)      23816 (  23.26kB)

==============================================================================

